Archive member included to satisfy reference by file (symbol)

c:/st/stm32cubeide_1.11.0/stm32cubeide/plugins/com.st.stm32cube.ide.mcu.externaltools.gnu-tools-for-stm32.10.3-2021.10.win32_1.0.100.202210260954/tools/bin/../lib/gcc/arm-none-eabi/10.3.1/../../../../arm-none-eabi/lib/thumb/v7e-m+fp/hard\libc_nano.a(lib_a-errno.o)
                              Core\Src\syscalls.o (__errno)
c:/st/stm32cubeide_1.11.0/stm32cubeide/plugins/com.st.stm32cube.ide.mcu.externaltools.gnu-tools-for-stm32.10.3-2021.10.win32_1.0.100.202210260954/tools/bin/../lib/gcc/arm-none-eabi/10.3.1/../../../../arm-none-eabi/lib/thumb/v7e-m+fp/hard\libc_nano.a(lib_a-exit.o)
                              c:/st/stm32cubeide_1.11.0/stm32cubeide/plugins/com.st.stm32cube.ide.mcu.externaltools.gnu-tools-for-stm32.10.3-2021.10.win32_1.0.100.202210260954/tools/bin/../lib/gcc/arm-none-eabi/10.3.1/../../../../arm-none-eabi/lib/thumb/v7e-m+fp/hard/crt0.o (exit)
c:/st/stm32cubeide_1.11.0/stm32cubeide/plugins/com.st.stm32cube.ide.mcu.externaltools.gnu-tools-for-stm32.10.3-2021.10.win32_1.0.100.202210260954/tools/bin/../lib/gcc/arm-none-eabi/10.3.1/../../../../arm-none-eabi/lib/thumb/v7e-m+fp/hard\libc_nano.a(lib_a-impure.o)
                              c:/st/stm32cubeide_1.11.0/stm32cubeide/plugins/com.st.stm32cube.ide.mcu.externaltools.gnu-tools-for-stm32.10.3-2021.10.win32_1.0.100.202210260954/tools/bin/../lib/gcc/arm-none-eabi/10.3.1/../../../../arm-none-eabi/lib/thumb/v7e-m+fp/hard\libc_nano.a(lib_a-exit.o) (_global_impure_ptr)
c:/st/stm32cubeide_1.11.0/stm32cubeide/plugins/com.st.stm32cube.ide.mcu.externaltools.gnu-tools-for-stm32.10.3-2021.10.win32_1.0.100.202210260954/tools/bin/../lib/gcc/arm-none-eabi/10.3.1/../../../../arm-none-eabi/lib/thumb/v7e-m+fp/hard\libc_nano.a(lib_a-init.o)
                              c:/st/stm32cubeide_1.11.0/stm32cubeide/plugins/com.st.stm32cube.ide.mcu.externaltools.gnu-tools-for-stm32.10.3-2021.10.win32_1.0.100.202210260954/tools/bin/../lib/gcc/arm-none-eabi/10.3.1/../../../../arm-none-eabi/lib/thumb/v7e-m+fp/hard/crt0.o (__libc_init_array)
c:/st/stm32cubeide_1.11.0/stm32cubeide/plugins/com.st.stm32cube.ide.mcu.externaltools.gnu-tools-for-stm32.10.3-2021.10.win32_1.0.100.202210260954/tools/bin/../lib/gcc/arm-none-eabi/10.3.1/../../../../arm-none-eabi/lib/thumb/v7e-m+fp/hard\libc_nano.a(lib_a-memset.o)
                              c:/st/stm32cubeide_1.11.0/stm32cubeide/plugins/com.st.stm32cube.ide.mcu.externaltools.gnu-tools-for-stm32.10.3-2021.10.win32_1.0.100.202210260954/tools/bin/../lib/gcc/arm-none-eabi/10.3.1/../../../../arm-none-eabi/lib/thumb/v7e-m+fp/hard/crt0.o (memset)
c:/st/stm32cubeide_1.11.0/stm32cubeide/plugins/com.st.stm32cube.ide.mcu.externaltools.gnu-tools-for-stm32.10.3-2021.10.win32_1.0.100.202210260954/tools/bin/../lib/gcc/arm-none-eabi/10.3.1/../../../../arm-none-eabi/lib/thumb/v7e-m+fp/hard\libm.a(lib_a-s_sin.o)
                              Core\Src\main.o (sin)
c:/st/stm32cubeide_1.11.0/stm32cubeide/plugins/com.st.stm32cube.ide.mcu.externaltools.gnu-tools-for-stm32.10.3-2021.10.win32_1.0.100.202210260954/tools/bin/../lib/gcc/arm-none-eabi/10.3.1/../../../../arm-none-eabi/lib/thumb/v7e-m+fp/hard\libm.a(lib_a-w_asin.o)
                              Core\Src\main.o (asin)
c:/st/stm32cubeide_1.11.0/stm32cubeide/plugins/com.st.stm32cube.ide.mcu.externaltools.gnu-tools-for-stm32.10.3-2021.10.win32_1.0.100.202210260954/tools/bin/../lib/gcc/arm-none-eabi/10.3.1/../../../../arm-none-eabi/lib/thumb/v7e-m+fp/hard\libm.a(lib_a-w_pow.o)
                              Core\Src\main.o (pow)
c:/st/stm32cubeide_1.11.0/stm32cubeide/plugins/com.st.stm32cube.ide.mcu.externaltools.gnu-tools-for-stm32.10.3-2021.10.win32_1.0.100.202210260954/tools/bin/../lib/gcc/arm-none-eabi/10.3.1/../../../../arm-none-eabi/lib/thumb/v7e-m+fp/hard\libm.a(lib_a-w_sqrt.o)
                              Core\Src\main.o (sqrt)
c:/st/stm32cubeide_1.11.0/stm32cubeide/plugins/com.st.stm32cube.ide.mcu.externaltools.gnu-tools-for-stm32.10.3-2021.10.win32_1.0.100.202210260954/tools/bin/../lib/gcc/arm-none-eabi/10.3.1/../../../../arm-none-eabi/lib/thumb/v7e-m+fp/hard\libm.a(lib_a-e_asin.o)
                              c:/st/stm32cubeide_1.11.0/stm32cubeide/plugins/com.st.stm32cube.ide.mcu.externaltools.gnu-tools-for-stm32.10.3-2021.10.win32_1.0.100.202210260954/tools/bin/../lib/gcc/arm-none-eabi/10.3.1/../../../../arm-none-eabi/lib/thumb/v7e-m+fp/hard\libm.a(lib_a-w_asin.o) (__ieee754_asin)
c:/st/stm32cubeide_1.11.0/stm32cubeide/plugins/com.st.stm32cube.ide.mcu.externaltools.gnu-tools-for-stm32.10.3-2021.10.win32_1.0.100.202210260954/tools/bin/../lib/gcc/arm-none-eabi/10.3.1/../../../../arm-none-eabi/lib/thumb/v7e-m+fp/hard\libm.a(lib_a-e_pow.o)
[...]
Memory Configuration

Name             Origin             Length             Attributes
CCMRAM           0x0000000010000000 0x0000000000010000 xrw
RAM              0x0000000020000000 0x0000000000020000 xrw
FLASH            0x0000000008000000 0x0000000000100000 xr
*default*        0x0000000000000000 0xffffffffffffffff

Linker script and memory map

LOAD c:/st/stm32cubeide_1.11.0/stm32cubeide/plugins/com.st.stm32cube.ide.mcu.externaltools.gnu-tools-for-stm32.10.3-2021.10.win32_1.0.100.202210260954/tools/bin/../lib/gcc/arm-none-eabi/10.3.1/thumb/v7e-m+fp/hard/crti.o
LOAD c:/st/stm32cubeide_1.11.0/stm32cubeide/plugins/com.st.stm32cube.ide.mcu.externaltools.gnu-tools-for-stm32.10.3-2021.10.win32_1.0.100.202210260954/tools/bin/../lib/gcc/arm-none-eabi/10.3.1/thumb/v7e-m+fp/hard/crtbegin.o
LOAD c:/st/stm32cubeide_1.11.0/stm32cubeide/plugins/com.st.stm32cube.ide.mcu.externaltools.gnu-tools-for-stm32.10.3-2021.10.win32_1.0.100.202210260954/tools/bin/../lib/gcc/arm-none-eabi/10.3.1/../../../../arm-none-eabi/lib/thumb/v7e-m+fp/hard/crt0.o
LOAD BME280ABEY\BME280_STM32.o
LOAD Core\Src\main.o
LOAD Core\Src\stm32f4xx_hal_msp.o
LOAD Core\Src\stm32f4xx_it.o
LOAD Core\Src\syscalls.o
LOAD Core\Src\sysmem.o
LOAD Core\Src\system_stm32f4xx.o
LOAD Core\Startup\startup_stm32f407vgtx.o
LOAD Drivers\STM32F4xx_HAL_Driver\Src\stm32f4xx_hal.o
LOAD Drivers\STM32F4xx_HAL_Driver\Src\stm32f4xx_hal_cortex.o
LOAD Drivers\STM32F4xx_HAL_Driver\Src\stm32f4xx_hal_dma.o
LOAD Drivers\STM32F4xx_HAL_Driver\Src\stm32f4xx_hal_dma_ex.o
LOAD Drivers\STM32F4xx_HAL_Driver\Src\stm32f4xx_hal_exti.o
LOAD Drivers\STM32F4xx_HAL_Driver\Src\stm32f4xx_hal_flash.o
LOAD Drivers\STM32F4xx_HAL_Driver\Src\stm32f4xx_hal_flash_ex.o
LOAD Drivers\STM32F4xx_HAL_Driver\Src\stm32f4xx_hal_flash_ramfunc.o
LOAD Drivers\STM32F4xx_HAL_Driver\Src\stm32f4xx_hal_gpio.o
LOAD Drivers\STM32F4xx_HAL_Driver\Src\stm32f4xx_hal_i2c.o
LOAD Drivers\STM32F4xx_HAL_Driver\Src\stm32f4xx_hal_i2c_ex.o
LOAD Drivers\STM32F4xx_HAL_Driver\Src\stm32f4xx_hal_pwr.o
LOAD Drivers\STM32F4xx_HAL_Driver\Src\stm32f4xx_hal_pwr_ex.o
LOAD Drivers\STM32F4xx_HAL_Driver\Src\stm32f4xx_hal_rcc.o
LOAD Drivers\STM32F4xx_HAL_Driver\Src\stm32f4xx_hal_rcc_ex.o
LOAD Drivers\STM32F4xx_HAL_Driver\Src\stm32f4xx_hal_tim.o
LOAD Drivers\STM32F4xx_HAL_Driver\Src\stm32f4xx_hal_tim_ex.o
LOAD Drivers\STM32F4xx_HAL_Driver\Src\stm32f4xx_hal_uart.o
START GROUP
LOAD c:/st/stm32cubeide_1.11.0/stm32cubeide/plugins/com.st.stm32cube.ide.mcu.externaltools.gnu-tools-for-stm32.10.3-2021.10.win32_1.0.100.202210260954/tools/bin/../lib/gcc/arm-none-eabi/10.3.1/../../../../arm-none-eabi/lib/thumb/v7e-m+fp/hard\libc_nano.a
LOAD c:/st/stm32cubeide_1.11.0/stm32cubeide/plugins/com.st.stm32cube.ide.mcu.externaltools.gnu-tools-for-stm32.10.3-2021.10.win32_1.0.100.202210260954/tools/bin/../lib/gcc/arm-none-eabi/10.3.1/../../../../arm-none-eabi/lib/thumb/v7e-m+fp/hard\libm.a
END GROUP
START GROUP
LOAD c:/st/stm32cubeide_1.11.0/stm32cubeide/plugins/com.st.stm32cube.ide.mcu.externaltools.gnu-tools-for-stm32.10.3-2021.10.win32_1.0.100.202210260954/tools/bin/../lib/gcc/arm-none-eabi/10.3.1/thumb/v7e-m+fp/hard\libgcc.a
LOAD c:/st/stm32cubeide_1.11.0/stm32cubeide/plugins/com.st.stm32cube.ide.mcu.externaltools.gnu-tools-for-stm32.10.3-2021.10.win32_1.0.100.202210260954/tools/bin/../lib/gcc/arm-none-eabi/10.3.1/../../../../arm-none-eabi/lib/thumb/v7e-m+fp/hard\libc_nano.a
END GROUP
START GROUP
LOAD c:/st/stm32cubeide_1.11.0/stm32cubeide/plugins/com.st.stm32cube.ide.mcu.externaltools.gnu-tools-for-stm32.10.3-2021.10.win32_1.0.100.202210260954/tools/bin/../lib/gcc/arm-none-eabi/10.3.1/thumb/v7e-m+fp/hard\libgcc.a
LOAD c:/st/stm32cubeide_1.11.0/stm32cubeide/plugins/com.st.stm32cube.ide.mcu.externaltools.gnu-tools-for-stm32.10.3-2021.10.win32_1.0.100.202210260954/tools/bin/../lib/gcc/arm-none-eabi/10.3.1/../../../../arm-none-eabi/lib/thumb/v7e-m+fp/hard\libc_nano.a
LOAD c:/st/stm32cubeide_1.11.0/stm32cubeide/plugins/com.st.stm32cube.ide.mcu.externaltools.gnu-tools-for-stm32.10.3-2021.10.win32_1.0.100.202210260954/tools/bin/../lib/gcc/arm-none-eabi/10.3.1/../../../../arm-none-eabi/lib/thumb/v7e-m+fp/hard\libnosys.a
END GROUP
START GROUP
LOAD c:/st/stm32cubeide_1.11.0/stm32cubeide/plugins/com.st.stm32cube.ide.mcu.externaltools.gnu-tools-for-stm32.10.3-2021.10.win32_1.0.100.202210260954/tools/bin/../lib/gcc/arm-none-eabi/10.3.1/thumb/v7e-m+fp/hard\libgcc.a
LOAD c:/st/stm32cubeide_1.11.0/stm32cubeide/plugins/com.st.stm32cube.ide.mcu.externaltools.gnu-tools-for-stm32.10.3-2021.10.win32_1.0.100.202210260954/tools/bin/../lib/gcc/arm-none-eabi/10.3.1/../../../../arm-none-eabi/lib/thumb/v7e-m+fp/hard\libc_nano.a
LOAD c:/st/stm32cubeide_1.11.0/stm32cubeide/plugins/com.st.stm32cube.ide.mcu.externaltools.gnu-tools-for-stm32.10.3-2021.10.win32_1.0.100.202210260954/tools/bin/../lib/gcc/arm-none-eabi/10.3.1/../../../../arm-none-eabi/lib/thumb/v7e-m+fp/hard\libnosys.a
END GROUP
LOAD c:/st/stm32cubeide_1.11.0/stm32cubeide/plugins/com.st.stm32cube.ide.mcu.externaltools.gnu-tools-for-stm32.10.3-2021.10.win32_1.0.100.202210260954/tools/bin/../lib/gcc/arm-none-eabi/10.3.1/thumb/v7e-m+fp/hard/crtend.o
LOAD c:/st/stm32cubeide_1.11.0/stm32cubeide/plugins/com.st.stm32cube.ide.mcu.externaltools.gnu-tools-for-stm32.10.3-2021.10.win32_1.0.100.202210260954/tools/bin/../lib/gcc/arm-none-eabi/10.3.1/thumb/v7e-m+fp/hard/crtn.o
                0x0000000020020000                _estack = (ORIGIN (RAM) + LENGTH (RAM))
                0x0000000000000200                _Min_Heap_Size = 0x200
                0x0000000000000400                _Min_Stack_Size = 0x400

.isr_vector     0x0000000008000000      0x188
                0x0000000008000000                . = ALIGN (0x4)
 *(.isr_vector)
 .isr_vector    0x0000000008000000      0x188 Core\Startup\startup_stm32f407vgtx.o
                0x0000000008000000                g_pfnVectors
                0x0000000008000188                . = ALIGN (0x4)

.text           0x0000000008000188     0x7914
                0x0000000008000188                . = ALIGN (0x4)
 *(.text)
 .text          0x0000000008000188       0x40 c:/st/stm32cubeide_1.11.0/stm32cubeide/plugins/com.st.stm32cube.ide.mcu.externaltools.gnu-tools-for-stm32.10.3-2021.10.win32_1.0.100.202210260954/tools/bin/../lib/gcc/arm-none-eabi/10.3.1/thumb/v7e-m+fp/hard/crtbegin.o
 .text          0x00000000080001c8      0x378 c:/st/stm32cubeide_1.11.0/stm32cubeide/plugins/com.st.stm32cube.ide.mcu.externaltools.gnu-tools-for-stm32.10.3-2021.10.win32_1.0.100.202210260954/tools/bin/../lib/gcc/arm-none-eabi/10.3.1/thumb/v7e-m+fp/hard\libgcc.a(_arm_addsubdf3.o)
                0x00000000080001c8                __aeabi_drsub
                0x00000000080001d0                __aeabi_dsub
                0x00000000080001d0                __subdf3
                0x00000000080001d4                __aeabi_dadd
                0x00000000080001d4                __adddf3
                0x000000000800044c                __floatunsidf
                0x000000000800044c                __aeabi_ui2d
                0x000000000800046c                __floatsidf
                0x000000000800046c                __aeabi_i2d
                0x0000000008000490                __aeabi_f2d
                0x0000000008000490                __extendsfdf2
                0x00000000080004d4                __floatundidf
                0x00000000080004d4                __aeabi_ul2d
                0x00000000080004e4                __floatdidf
                0x00000000080004e4                __aeabi_l2d
 .text          0x0000000008000540      0x424 c:/st/stm32cubeide_1.11.0/stm32cubeide/plugins/com.st.stm32cube.ide.mcu.externaltools.gnu-tools-for-stm32.10.3-2021.10.win32_1.0.100.202210260954/tools/bin/../lib/gcc/arm-none-eabi/10.3.1/thumb/v7e-m+fp/hard\libgcc.a(_arm_muldivdf3.o)
                0x0000000008000540                __aeabi_dmul
                0x0000000008000540                __muldf3
                0x0000000008000794                __divdf3
                0x0000000008000794                __aeabi_ddiv
 .text          0x0000000008000964      0x110 c:/st/stm32cubeide_1.11.0/stm32cubeide/plugins/com.st.stm32cube.ide.mcu.externaltools.gnu-tools-for-stm32.10.3-2021.10.win32_1.0.100.202210260954/tools/bin/../lib/gcc/arm-none-eabi/10.3.1/thumb/v7e-m+fp/hard\libgcc.a(_arm_cmpdf2.o)
                0x0000000008000964                __gtdf2
                0x0000000008000964                __gedf2
                0x000000000800096c                __ltdf2
                0x000000000800096c                __ledf2
                0x0000000008000974                __nedf2
                0x0000000008000974                __eqdf2
                0x0000000008000974                __cmpdf2
                0x00000000080009f0                __aeabi_cdrcmple
                0x0000000008000a00                __aeabi_cdcmpeq
                0x0000000008000a00                __aeabi_cdcmple
                0x0000000008000a10                __aeabi_dcmpeq
                0x0000000008000a24                __aeabi_dcmplt
                0x0000000008000a38                __aeabi_dcmple
                0x0000000008000a4c                __aeabi_dcmpge
                0x0000000008000a60                __aeabi_dcmpgt
 .text          0x0000000008000a74       0x2c c:/st/stm32cubeide_1.11.0/stm32cubeide/plugins/com.st.stm32cube.ide.mcu.externaltools.gnu-tools-for-stm32.10.3-2021.10.win32_1.0.100.202210260954/tools/bin/../lib/gcc/arm-none-eabi/10.3.1/thumb/v7e-m+fp/hard\libgcc.a(_arm_unorddf2.o)
                0x0000000008000a74                __unorddf2
                0x0000000008000a74                __aeabi_dcmpun
 .text          0x0000000008000aa0       0x50 c:/st/stm32cubeide_1.11.0/stm32cubeide/plugins/com.st.stm32cube.ide.mcu.externaltools.gnu-tools-for-stm32.10.3-2021.10.win32_1.0.100.202210260954/tools/bin/../lib/gcc/arm-none-eabi/10.3.1/thumb/v7e-m+fp/hard\libgcc.a(_arm_fixdfsi.o)
                0x0000000008000aa0                __aeabi_d2iz
                0x0000000008000aa0                __fixdfsi
 .text          0x0000000008000af0       0xa0 c:/st/stm32cubeide_1.11.0/stm32cubeide/plugins/com.st.stm32cube.ide.mcu.externaltools.gnu-tools-for-stm32.10.3-2021.10.win32_1.0.100.202210260954/tools/bin/../lib/gcc/arm-none-eabi/10.3.1/thumb/v7e-m+fp/hard\libgcc.a(_arm_truncdfsf2.o)
                0x0000000008000af0                __truncdfsf2
                0x0000000008000af0                __aeabi_d2f
 .text          0x0000000008000b90       0xa0 c:/st/stm32cubeide_1.11.0/stm32cubeide/plugins/com.st.stm32cube.ide.mcu.externaltools.gnu-tools-for-stm32.10.3-2021.10.win32_1.0.100.202210260954/tools/bin/../lib/gcc/arm-none-eabi/10.3.1/thumb/v7e-m+fp/hard\libgcc.a(_aeabi_ldivmod.o)
                0x0000000008000b90                __aeabi_ldivmod
 .text          0x0000000008000c30       0x30 c:/st/stm32cubeide_1.11.0/stm32cubeide/plugins/com.st.stm32cube.ide.mcu.externaltools.gnu-tools-for-stm32.10.3-2021.10.win32_1.0.100.202210260954/tools/bin/../lib/gcc/arm-none-eabi/10.3.1/thumb/v7e-m+fp/hard\libgcc.a(_aeabi_uldivmod.o)
                0x0000000008000c30                __aeabi_uldivmod
 .text          0x0000000008000c60      0x2d0 c:/st/stm32cubeide_1.11.0/stm32cubeide/plugins/com.st.stm32cube.ide.mcu.externaltools.gnu-tools-for-stm32.10.3-2021.10.win32_1.0.100.202210260954/tools/bin/../lib/gcc/arm-none-eabi/10.3.1/thumb/v7e-m+fp/hard\libgcc.a(_udivmoddi4.o)
                0x0000000008000c60                __udivmoddi4
 .text          0x0000000008000f30        0x4 c:/st/stm32cubeide_1.11.0/stm32cubeide/plugins/com.st.stm32cube.ide.mcu.externaltools.gnu-tools-for-stm32.10.3-2021.10.win32_1.0.100.202210260954/tools/bin/../lib/gcc/arm-none-eabi/10.3.1/thumb/v7e-m+fp/hard\libgcc.a(_dvmd_tls.o)
                0x0000000008000f30                __aeabi_idiv0
                0x0000000008000f30                __aeabi_ldiv0
 *(.text*)
 .text.TrimRead
                0x0000000008000f34      0x1c4 BME280ABEY\BME280_STM32.o
                0x0000000008000f34                TrimRead
 .text.BME280_Config
                0x00000000080010f8      0x1ac BME280ABEY\BME280_STM32.o
                0x00000000080010f8                BME280_Config
 .text.BMEReadRaw
                0x00000000080012a4       0x98 BME280ABEY\BME280_STM32.o
                0x00000000080012a4                BMEReadRaw
 .text.BME280_compensate_T_int32
                0x000000000800133c       0x84 BME280ABEY\BME280_STM32.o
                0x000000000800133c                BME280_compensate_T_int32
 .text.BME280_compensate_P_int64
                0x00000000080013c0      0x58c BME280ABEY\BME280_STM32.o
                0x00000000080013c0                BME280_compensate_P_int64
 .text.bme280_compensate_H_int32
                0x000000000800194c       0xd8 BME280ABEY\BME280_STM32.o
                0x000000000800194c                bme280_compensate_H_int32
 *fill*         0x0000000008001a24        0x4 
 .text.BME280_Measure
                0x0000000008001a28      0x134 BME280ABEY\BME280_STM32.o
                0x0000000008001a28                BME280_Measure
 *fill*         0x0000000008001b5c        0x4 
 .text.main     0x0000000008001b60      0x914 Core\Src\main.o
                0x0000000008001b60                main
 .text.SystemClock_Config
                0x0000000008002474       0xd4 Core\Src\main.o
                0x0000000008002474                SystemClock_Config
 .text.MX_I2C1_Init
                0x0000000008002548       0x5c Core\Src\main.o
 .text.MX_I2C2_Init
                0x00000000080025a4       0x5c Core\Src\main.o
 .text.MX_USART2_UART_Init
                0x0000000008002600       0x54 Core\Src\main.o
 .text.MX_GPIO_Init
                0x0000000008002654       0xbc Core\Src\main.o
 .text.Error_Handler
                0x0000000008002710        0xa Core\Src\main.o
                0x0000000008002710                Error_Handler
 *fill*         0x000000000800271a        0x2 
 .text.HAL_MspInit
                0x000000000800271c       0x50 Core\Src\stm32f4xx_hal_msp.o
                0x000000000800271c                HAL_MspInit
 .text.HAL_I2C_MspInit
                0x000000000800276c       0xf8 Core\Src\stm32f4xx_hal_msp.o
                0x000000000800276c                HAL_I2C_MspInit
 .text.HAL_UART_MspInit
                0x0000000008002864       0x90 Core\Src\stm32f4xx_hal_msp.o
                0x0000000008002864                HAL_UART_MspInit
 .text.NMI_Handler
                0x00000000080028f4        0x6 Core\Src\stm32f4xx_it.o
                0x00000000080028f4                NMI_Handler
 .text.HardFault_Handler
                0x00000000080028fa        0x6 Core\Src\stm32f4xx_it.o
                0x00000000080028fa                HardFault_Handler
 .text.MemManage_Handler
                0x0000000008002900        0x6 Core\Src\stm32f4xx_it.o
                0x0000000008002900                MemManage_Handler
 .text.BusFault_Handler
                0x0000000008002906        0x6 Core\Src\stm32f4xx_it.o
                0x0000000008002906                BusFault_Handler
 .text.UsageFault_Handler
                0x000000000800290c        0x6 Core\Src\stm32f4xx_it.o
                0x000000000800290c                UsageFault_Handler
 .text.SVC_Handler
                0x0000000008002912        0xe Core\Src\stm32f4xx_it.o
                0x0000000008002912                SVC_Handler
 .text.DebugMon_Handler
                0x0000000008002920        0xe Core\Src\stm32f4xx_it.o
                0x0000000008002920                DebugMon_Handler
 .text.PendSV_Handler
                0x000000000800292e        0xe Core\Src\stm32f4xx_it.o
                0x000000000800292e                PendSV_Handler
 .text.SysTick_Handler
                0x000000000800293c        0xc Core\Src\stm32f4xx_it.o
                0x000000000800293c                SysTick_Handler
 .text.SystemInit
                0x0000000008002948       0x24 Core\Src\system_stm32f4xx.o
                0x0000000008002948                SystemInit
 .text.Reset_Handler
                0x000000000800296c       0x50 Core\Startup\startup_stm32f407vgtx.o
                0x000000000800296c                Reset_Handler
 .text.Default_Handler
                0x00000000080029bc        0x2 Core\Startup\startup_stm32f407vgtx.o
                0x00000000080029bc                RTC_Alarm_IRQHandler
                0x00000000080029bc                HASH_RNG_IRQHandler
                0x00000000080029bc                EXTI2_IRQHandler
                0x00000000080029bc                TIM8_CC_IRQHandler
                0x00000000080029bc                TIM1_CC_IRQHandler
                0x00000000080029bc                DMA2_Stream5_IRQHandler
                0x00000000080029bc                DMA1_Stream5_IRQHandler
                0x00000000080029bc                PVD_IRQHandler
                0x00000000080029bc                SDIO_IRQHandler
                0x00000000080029bc                TAMP_STAMP_IRQHandler
                0x00000000080029bc                CAN2_RX1_IRQHandler
                0x00000000080029bc                EXTI3_IRQHandler
                0x00000000080029bc                TIM8_TRG_COM_TIM14_IRQHandler
                0x00000000080029bc                TIM1_UP_TIM10_IRQHandler
                0x00000000080029bc                TIM8_UP_TIM13_IRQHandler
                0x00000000080029bc                I2C3_ER_IRQHandler
                0x00000000080029bc                EXTI0_IRQHandler
                0x00000000080029bc                I2C2_EV_IRQHandler
                0x00000000080029bc                DMA1_Stream2_IRQHandler
                0x00000000080029bc                CAN1_RX0_IRQHandler
                0x00000000080029bc                FPU_IRQHandler
                0x00000000080029bc                OTG_HS_WKUP_IRQHandler
                0x00000000080029bc                CAN2_SCE_IRQHandler
                0x00000000080029bc                DMA2_Stream2_IRQHandler
                0x00000000080029bc                SPI1_IRQHandler
                0x00000000080029bc                TIM6_DAC_IRQHandler
                0x00000000080029bc                TIM1_BRK_TIM9_IRQHandler
                0x00000000080029bc                DCMI_IRQHandler
                0x00000000080029bc                CAN2_RX0_IRQHandler
                0x00000000080029bc                DMA2_Stream3_IRQHandler
                0x00000000080029bc                USART6_IRQHandler
                0x00000000080029bc                USART3_IRQHandler
                0x00000000080029bc                CAN1_RX1_IRQHandler
                0x00000000080029bc                UART5_IRQHandler
                0x00000000080029bc                DMA2_Stream0_IRQHandler
                0x00000000080029bc                TIM4_IRQHandler
                0x00000000080029bc                I2C1_EV_IRQHandler
                0x00000000080029bc                DMA1_Stream6_IRQHandler
                0x00000000080029bc                DMA1_Stream1_IRQHandler
                0x00000000080029bc                UART4_IRQHandler
                0x00000000080029bc                TIM3_IRQHandler
                0x00000000080029bc                RCC_IRQHandler
                0x00000000080029bc                TIM8_BRK_TIM12_IRQHandler
                0x00000000080029bc                Default_Handler
                0x00000000080029bc                EXTI15_10_IRQHandler
                0x00000000080029bc                ADC_IRQHandler
                0x00000000080029bc                DMA1_Stream7_IRQHandler
                0x00000000080029bc                TIM7_IRQHandler
                0x00000000080029bc                CAN2_TX_IRQHandler
                0x00000000080029bc                TIM5_IRQHandler
                0x00000000080029bc                DMA2_Stream7_IRQHandler
                0x00000000080029bc                I2C3_EV_IRQHandler
                0x00000000080029bc                EXTI9_5_IRQHandler
                0x00000000080029bc                RTC_WKUP_IRQHandler
                0x00000000080029bc                ETH_WKUP_IRQHandler
                0x00000000080029bc                SPI2_IRQHandler
                0x00000000080029bc                OTG_HS_EP1_IN_IRQHandler
                0x00000000080029bc                DMA1_Stream0_IRQHandler
                0x00000000080029bc                CAN1_TX_IRQHandler
                0x00000000080029bc                EXTI4_IRQHandler
                0x00000000080029bc                FSMC_IRQHandler
                0x00000000080029bc                ETH_IRQHandler
                0x00000000080029bc                OTG_HS_EP1_OUT_IRQHandler
                0x00000000080029bc                WWDG_IRQHandler
                0x00000000080029bc                TIM2_IRQHandler
                0x00000000080029bc                OTG_FS_WKUP_IRQHandler
                0x00000000080029bc                TIM1_TRG_COM_TIM11_IRQHandler
                0x00000000080029bc                OTG_HS_IRQHandler
                0x00000000080029bc                EXTI1_IRQHandler
                0x00000000080029bc                USART2_IRQHandler
                0x00000000080029bc                I2C2_ER_IRQHandler
                0x00000000080029bc                DMA2_Stream1_IRQHandler
                0x00000000080029bc                CAN1_SCE_IRQHandler
                0x00000000080029bc                FLASH_IRQHandler
                0x00000000080029bc                DMA2_Stream4_IRQHandler
                0x00000000080029bc                USART1_IRQHandler
                0x00000000080029bc                OTG_FS_IRQHandler
                0x00000000080029bc                SPI3_IRQHandler
                0x00000000080029bc                DMA1_Stream4_IRQHandler
                0x00000000080029bc                I2C1_ER_IRQHandler
                0x00000000080029bc                DMA2_Stream6_IRQHandler
                0x00000000080029bc                DMA1_Stream3_IRQHandler
 *fill*         0x00000000080029be        0x2 
 .text.HAL_Init
                0x00000000080029c0       0x44 Drivers\STM32F4xx_HAL_Driver\Src\stm32f4xx_hal.o
                0x00000000080029c0                HAL_Init
 .text.HAL_InitTick
                0x0000000008002a04       0x60 Drivers\STM32F4xx_HAL_Driver\Src\stm32f4xx_hal.o
                0x0000000008002a04                HAL_InitTick
 .text.HAL_IncTick
                0x0000000008002a64       0x28 Drivers\STM32F4xx_HAL_Driver\Src\stm32f4xx_hal.o
                0x0000000008002a64                HAL_IncTick
 .text.HAL_GetTick
                0x0000000008002a8c       0x18 Drivers\STM32F4xx_HAL_Driver\Src\stm32f4xx_hal.o
                0x0000000008002a8c                HAL_GetTick
 .text.HAL_Delay
                0x0000000008002aa4       0x48 Drivers\STM32F4xx_HAL_Driver\Src\stm32f4xx_hal.o
                0x0000000008002aa4                HAL_Delay
 .text.__NVIC_SetPriorityGrouping
                0x0000000008002aec       0x48 Drivers\STM32F4xx_HAL_Driver\Src\stm32f4xx_hal_cortex.o
 .text.__NVIC_GetPriorityGrouping
                0x0000000008002b34       0x1c Drivers\STM32F4xx_HAL_Driver\Src\stm32f4xx_hal_cortex.o
 .text.__NVIC_SetPriority
                0x0000000008002b50       0x54 Drivers\STM32F4xx_HAL_Driver\Src\stm32f4xx_hal_cortex.o
 .text.NVIC_EncodePriority
                0x0000000008002ba4       0x66 Drivers\STM32F4xx_HAL_Driver\Src\stm32f4xx_hal_cortex.o
 *fill*         0x0000000008002c0a        0x2 
 .text.SysTick_Config
                0x0000000008002c0c       0x44 Drivers\STM32F4xx_HAL_Driver\Src\stm32f4xx_hal_cortex.o
 .text.HAL_NVIC_SetPriorityGrouping
                0x0000000008002c50       0x16 Drivers\STM32F4xx_HAL_Driver\Src\stm32f4xx_hal_cortex.o
                0x0000000008002c50                HAL_NVIC_SetPriorityGrouping
 .text.HAL_NVIC_SetPriority
                0x0000000008002c66       0x38 Drivers\STM32F4xx_HAL_Driver\Src\stm32f4xx_hal_cortex.o
                0x0000000008002c66                HAL_NVIC_SetPriority
 .text.HAL_SYSTICK_Config
                0x0000000008002c9e       0x18 Drivers\STM32F4xx_HAL_Driver\Src\stm32f4xx_hal_cortex.o
                0x0000000008002c9e                HAL_SYSTICK_Config
 *fill*         0x0000000008002cb6        0x2 
 .text.HAL_GPIO_Init
                0x0000000008002cb8      0x338 Drivers\STM32F4xx_HAL_Driver\Src\stm32f4xx_hal_gpio.o
                0x0000000008002cb8                HAL_GPIO_Init
 .text.HAL_GPIO_WritePin
                0x0000000008002ff0       0x32 Drivers\STM32F4xx_HAL_Driver\Src\stm32f4xx_hal_gpio.o
                0x0000000008002ff0                HAL_GPIO_WritePin
 .text.HAL_GPIO_TogglePin
                0x0000000008003022       0x34 Drivers\STM32F4xx_HAL_Driver\Src\stm32f4xx_hal_gpio.o
                0x0000000008003022                HAL_GPIO_TogglePin
 *fill*         0x0000000008003056        0x2 
 .text.HAL_I2C_Init
                0x0000000008003058      0x288 Drivers\STM32F4xx_HAL_Driver\Src\stm32f4xx_hal_i2c.o
                0x0000000008003058                HAL_I2C_Init
 .text.HAL_I2C_Master_Transmit
                0x00000000080032e0      0x1fc Drivers\STM32F4xx_HAL_Driver\Src\stm32f4xx_hal_i2c.o
                0x00000000080032e0                HAL_I2C_Master_Transmit
 .text.HAL_I2C_Master_Receive
                0x00000000080034dc      0x44c Drivers\STM32F4xx_HAL_Driver\Src\stm32f4xx_hal_i2c.o
                0x00000000080034dc                HAL_I2C_Master_Receive
 .text.HAL_I2C_Mem_Write
                0x0000000008003928      0x1f4 Drivers\STM32F4xx_HAL_Driver\Src\stm32f4xx_hal_i2c.o
                0x0000000008003928                HAL_I2C_Mem_Write
 .text.HAL_I2C_Mem_Read
                0x0000000008003b1c      0x44c Drivers\STM32F4xx_HAL_Driver\Src\stm32f4xx_hal_i2c.o
                0x0000000008003b1c                HAL_I2C_Mem_Read
 .text.I2C_MasterRequestWrite
                0x0000000008003f68      0x104 Drivers\STM32F4xx_HAL_Driver\Src\stm32f4xx_hal_i2c.o
 .text.I2C_MasterRequestRead
                0x000000000800406c      0x19c Drivers\STM32F4xx_HAL_Driver\Src\stm32f4xx_hal_i2c.o
 .text.I2C_RequestMemoryWrite
                0x0000000008004208      0x12c Drivers\STM32F4xx_HAL_Driver\Src\stm32f4xx_hal_i2c.o
 .text.I2C_RequestMemoryRead
                0x0000000008004334      0x1d0 Drivers\STM32F4xx_HAL_Driver\Src\stm32f4xx_hal_i2c.o
 .text.I2C_WaitOnFlagUntilTimeout
                0x0000000008004504       0xae Drivers\STM32F4xx_HAL_Driver\Src\stm32f4xx_hal_i2c.o
 .text.I2C_WaitOnMasterAddressFlagUntilTimeout
                0x00000000080045b2       0xfe Drivers\STM32F4xx_HAL_Driver\Src\stm32f4xx_hal_i2c.o
 .text.I2C_WaitOnTXEFlagUntilTimeout
                0x00000000080046b0       0x82 Drivers\STM32F4xx_HAL_Driver\Src\stm32f4xx_hal_i2c.o
 .text.I2C_WaitOnBTFFlagUntilTimeout
                0x0000000008004732       0x82 Drivers\STM32F4xx_HAL_Driver\Src\stm32f4xx_hal_i2c.o
 .text.I2C_WaitOnRXNEFlagUntilTimeout
                0x00000000080047b4       0xac Drivers\STM32F4xx_HAL_Driver\Src\stm32f4xx_hal_i2c.o
 .text.I2C_IsAcknowledgeFailed
                0x0000000008004860       0x5e Drivers\STM32F4xx_HAL_Driver\Src\stm32f4xx_hal_i2c.o
 *fill*         0x00000000080048be        0x2 
 .text.HAL_RCC_OscConfig
                0x00000000080048c0      0x4f0 Drivers\STM32F4xx_HAL_Driver\Src\stm32f4xx_hal_rcc.o
                0x00000000080048c0                HAL_RCC_OscConfig
 .text.HAL_RCC_ClockConfig
                0x0000000008004db0      0x1cc Drivers\STM32F4xx_HAL_Driver\Src\stm32f4xx_hal_rcc.o
                0x0000000008004db0                HAL_RCC_ClockConfig
 .text.HAL_RCC_GetSysClockFreq
                0x0000000008004f7c      0x20c Drivers\STM32F4xx_HAL_Driver\Src\stm32f4xx_hal_rcc.o
                0x0000000008004f7c                HAL_RCC_GetSysClockFreq
 .text.HAL_RCC_GetHCLKFreq
                0x0000000008005188       0x18 Drivers\STM32F4xx_HAL_Driver\Src\stm32f4xx_hal_rcc.o
                0x0000000008005188                HAL_RCC_GetHCLKFreq
 .text.HAL_RCC_GetPCLK1Freq
                0x00000000080051a0       0x28 Drivers\STM32F4xx_HAL_Driver\Src\stm32f4xx_hal_rcc.o
                0x00000000080051a0                HAL_RCC_GetPCLK1Freq
 .text.HAL_RCC_GetPCLK2Freq
                0x00000000080051c8       0x28 Drivers\STM32F4xx_HAL_Driver\Src\stm32f4xx_hal_rcc.o
                0x00000000080051c8                HAL_RCC_GetPCLK2Freq
 .text.HAL_UART_Init
                0x00000000080051f0       0x9a Drivers\STM32F4xx_HAL_Driver\Src\stm32f4xx_hal_uart.o
                0x00000000080051f0                HAL_UART_Init
 *fill*         0x000000000800528a        0x2 
 .text.UART_SetConfig
                0x000000000800528c      0x4e8 Drivers\STM32F4xx_HAL_Driver\Src\stm32f4xx_hal_uart.o
 .text.__errno  0x0000000008005774        0xc c:/st/stm32cubeide_1.11.0/stm32cubeide/plugins/com.st.stm32cube.ide.mcu.externaltools.gnu-tools-for-stm32.10.3-2021.10.win32_1.0.100.202210260954/tools/bin/../lib/gcc/arm-none-eabi/10.3.1/../../../../arm-none-eabi/lib/thumb/v7e-m+fp/hard\libc_nano.a(lib_a-errno.o)
                0x0000000008005774                __errno
 .text.__libc_init_array
                0x0000000008005780       0x48 c:/st/stm32cubeide_1.11.0/stm32cubeide/plugins/com.st.stm32cube.ide.mcu.externaltools.gnu-tools-for-stm32.10.3-2021.10.win32_1.0.100.202210260954/tools/bin/../lib/gcc/arm-none-eabi/10.3.1/../../../../arm-none-eabi/lib/thumb/v7e-m+fp/hard\libc_nano.a(lib_a-init.o)
                0x0000000008005780                __libc_init_array
 .text.memset   0x00000000080057c8       0x10 c:/st/stm32cubeide_1.11.0/stm32cubeide/plugins/com.st.stm32cube.ide.mcu.externaltools.gnu-tools-for-stm32.10.3-2021.10.win32_1.0.100.202210260954/tools/bin/../lib/gcc/arm-none-eabi/10.3.1/../../../../arm-none-eabi/lib/thumb/v7e-m+fp/hard\libc_nano.a(lib_a-memset.o)
                0x00000000080057c8                memset
 .text.sin      0x00000000080057d8       0xb0 c:/st/stm32cubeide_1.11.0/stm32cubeide/plugins/com.st.stm32cube.ide.mcu.externaltools.gnu-tools-for-stm32.10.3-2021.10.win32_1.0.100.202210260954/tools/bin/../lib/gcc/arm-none-eabi/10.3.1/../../../../arm-none-eabi/lib/thumb/v7e-m+fp/hard\libm.a(lib_a-s_sin.o)
                0x00000000080057d8                sin
 .text.asin     0x0000000008005888       0x68 c:/st/stm32cubeide_1.11.0/stm32cubeide/plugins/com.st.stm32cube.ide.mcu.externaltools.gnu-tools-for-stm32.10.3-2021.10.win32_1.0.100.202210260954/tools/bin/../lib/gcc/arm-none-eabi/10.3.1/../../../../arm-none-eabi/lib/thumb/v7e-m+fp/hard\libm.a(lib_a-w_asin.o)
                0x0000000008005888                asin
 .text.pow      0x00000000080058f0       0xe0 c:/st/stm32cubeide_1.11.0/stm32cubeide/plugins/com.st.stm32cube.ide.mcu.externaltools.gnu-tools-for-stm32.10.3-2021.10.win32_1.0.100.202210260954/tools/bin/../lib/gcc/arm-none-eabi/10.3.1/../../../../arm-none-eabi/lib/thumb/v7e-m+fp/hard\libm.a(lib_a-w_pow.o)
                0x00000000080058f0                pow
 .text.sqrt     0x00000000080059d0       0x58 c:/st/stm32cubeide_1.11.0/stm32cubeide/plugins/com.st.stm32cube.ide.mcu.externaltools.gnu-tools-for-stm32.10.3-2021.10.win32_1.0.100.202210260954/tools/bin/../lib/gcc/arm-none-eabi/10.3.1/../../../../arm-none-eabi/lib/thumb/v7e-m+fp/hard\libm.a(lib_a-w_sqrt.o)
                0x00000000080059d0                sqrt
 .text.__ieee754_asin
                0x0000000008005a28      0x428 c:/st/stm32cubeide_1.11.0/stm32cubeide/plugins/com.st.stm32cube.ide.mcu.externaltools.gnu-tools-for-stm32.10.3-2021.10.win32_1.0.100.202210260954/tools/bin/../lib/gcc/arm-none-eabi/10.3.1/../../../../arm-none-eabi/lib/thumb/v7e-m+fp/hard\libm.a(lib_a-e_asin.o)
                0x0000000008005a28                __ieee754_asin
 .text.__ieee754_pow
                0x0000000008005e50      0xa5c c:/st/stm32cubeide_1.11.0/stm32cubeide/plugins/com.st.stm32cube.ide.mcu.externaltools.gnu-tools-for-stm32.10.3-2021.10.win32_1.0.100.202210260954/tools/bin/../lib/gcc/arm-none-eabi/10.3.1/../../../../arm-none-eabi/lib/thumb/v7e-m+fp/hard\libm.a(lib_a-e_pow.o)
                0x0000000008005e50                __ieee754_pow
 *fill*         0x00000000080068ac        0x4 
 .text.__ieee754_rem_pio2
                0x00000000080068b0      0x418 c:/st/stm32cubeide_1.11.0/stm32cubeide/plugins/com.st.stm32cube.ide.mcu.externaltools.gnu-tools-for-stm32.10.3-2021.10.win32_1.0.100.202210260954/tools/bin/../lib/gcc/arm-none-eabi/10.3.1/../../../../arm-none-eabi/lib/thumb/v7e-m+fp/hard\libm.a(lib_a-e_rem_pio2.o)
                0x00000000080068b0                __ieee754_rem_pio2
 .text.__ieee754_sqrt
                0x0000000008006cc8      0x164 c:/st/stm32cubeide_1.11.0/stm32cubeide/plugins/com.st.stm32cube.ide.mcu.externaltools.gnu-tools-for-stm32.10.3-2021.10.win32_1.0.100.202210260954/tools/bin/../lib/gcc/arm-none-eabi/10.3.1/../../../../arm-none-eabi/lib/thumb/v7e-m+fp/hard\libm.a(lib_a-e_sqrt.o)
                0x0000000008006cc8                __ieee754_sqrt
 *fill*         0x0000000008006e2c        0x4 
 .text.__kernel_cos
                0x0000000008006e30      0x18c c:/st/stm32cubeide_1.11.0/stm32cubeide/plugins/com.st.stm32cube.ide.mcu.externaltools.gnu-tools-for-stm32.10.3-2021.10.win32_1.0.100.202210260954/tools/bin/../lib/gcc/arm-none-eabi/10.3.1/../../../../arm-none-eabi/lib/thumb/v7e-m+fp/hard\libm.a(lib_a-k_cos.o)
                0x0000000008006e30                __kernel_cos
 *fill*         0x0000000008006fbc        0x4 
 .text.__kernel_rem_pio2
                0x0000000008006fc0      0x69c c:/st/stm32cubeide_1.11.0/stm32cubeide/plugins/com.st.stm32cube.ide.mcu.externaltools.gnu-tools-for-stm32.10.3-2021.10.win32_1.0.100.202210260954/tools/bin/../lib/gcc/arm-none-eabi/10.3.1/../../../../arm-none-eabi/lib/thumb/v7e-m+fp/hard\libm.a(lib_a-k_rem_pio2.o)
                0x0000000008006fc0                __kernel_rem_pio2
 *fill*         0x000000000800765c        0x4 
 .text.__kernel_sin
                0x0000000008007660      0x17c c:/st/stm32cubeide_1.11.0/stm32cubeide/plugins/com.st.stm32cube.ide.mcu.externaltools.gnu-tools-for-stm32.10.3-2021.10.win32_1.0.100.202210260954/tools/bin/../lib/gcc/arm-none-eabi/10.3.1/../../../../arm-none-eabi/lib/thumb/v7e-m+fp/hard\libm.a(lib_a-k_sin.o)
                0x0000000008007660                __kernel_sin
 .text.with_errno
                0x00000000080077dc       0x14 c:/st/stm32cubeide_1.11.0/stm32cubeide/plugins/com.st.stm32cube.ide.mcu.externaltools.gnu-tools-for-stm32.10.3-2021.10.win32_1.0.100.202210260954/tools/bin/../lib/gcc/arm-none-eabi/10.3.1/../../../../arm-none-eabi/lib/thumb/v7e-m+fp/hard\libm.a(lib_a-math_err.o)
 .text.xflow    0x00000000080077f0       0x28 c:/st/stm32cubeide_1.11.0/stm32cubeide/plugins/com.st.stm32cube.ide.mcu.externaltools.gnu-tools-for-stm32.10.3-2021.10.win32_1.0.100.202210260954/tools/bin/../lib/gcc/arm-none-eabi/10.3.1/../../../../arm-none-eabi/lib/thumb/v7e-m+fp/hard\libm.a(lib_a-math_err.o)
 .text.__math_uflow
                0x0000000008007818       0x12 c:/st/stm32cubeide_1.11.0/stm32cubeide/plugins/com.st.stm32cube.ide.mcu.externaltools.gnu-tools-for-stm32.10.3-2021.10.win32_1.0.100.202210260954/tools/bin/../lib/gcc/arm-none-eabi/10.3.1/../../../../arm-none-eabi/lib/thumb/v7e-m+fp/hard\libm.a(lib_a-math_err.o)
                0x0000000008007818                __math_uflow
 .text.__math_oflow
                0x000000000800782a       0x12 c:/st/stm32cubeide_1.11.0/stm32cubeide/plugins/com.st.stm32cube.ide.mcu.externaltools.gnu-tools-for-stm32.10.3-2021.10.win32_1.0.100.202210260954/tools/bin/../lib/gcc/arm-none-eabi/10.3.1/../../../../arm-none-eabi/lib/thumb/v7e-m+fp/hard\libm.a(lib_a-math_err.o)
                0x000000000800782a                __math_oflow
 .text.fabs     0x000000000800783c       0x12 c:/st/stm32cubeide_1.11.0/stm32cubeide/plugins/com.st.stm32cube.ide.mcu.externaltools.gnu-tools-for-stm32.10.3-2021.10.win32_1.0.100.202210260954/tools/bin/../lib/gcc/arm-none-eabi/10.3.1/../../../../arm-none-eabi/lib/thumb/v7e-m+fp/hard\libm.a(lib_a-s_fabs.o)
                0x000000000800783c                fabs
 .text.finite   0x000000000800784e       0x16 c:/st/stm32cubeide_1.11.0/stm32cubeide/plugins/com.st.stm32cube.ide.mcu.externaltools.gnu-tools-for-stm32.10.3-2021.10.win32_1.0.100.202210260954/tools/bin/../lib/gcc/arm-none-eabi/10.3.1/../../../../arm-none-eabi/lib/thumb/v7e-m+fp/hard\libm.a(lib_a-s_finite.o)
                0x000000000800784e                finite
 *fill*         0x0000000008007864        0x4 
 .text.floor    0x0000000008007868      0x100 c:/st/stm32cubeide_1.11.0/stm32cubeide/plugins/com.st.stm32cube.ide.mcu.externaltools.gnu-tools-for-stm32.10.3-2021.10.win32_1.0.100.202210260954/tools/bin/../lib/gcc/arm-none-eabi/10.3.1/../../../../arm-none-eabi/lib/thumb/v7e-m+fp/hard\libm.a(lib_a-s_floor.o)
                0x0000000008007868                floor
 .text.nan      0x0000000008007968       0x10 c:/st/stm32cubeide_1.11.0/stm32cubeide/plugins/com.st.stm32cube.ide.mcu.externaltools.gnu-tools-for-stm32.10.3-2021.10.win32_1.0.100.202210260954/tools/bin/../lib/gcc/arm-none-eabi/10.3.1/../../../../arm-none-eabi/lib/thumb/v7e-m+fp/hard\libm.a(lib_a-s_nan.o)
                0x0000000008007968                nan
 .text.scalbn   0x0000000008007978      0x10c c:/st/stm32cubeide_1.11.0/stm32cubeide/plugins/com.st.stm32cube.ide.mcu.externaltools.gnu-tools-for-stm32.10.3-2021.10.win32_1.0.100.202210260954/tools/bin/../lib/gcc/arm-none-eabi/10.3.1/../../../../arm-none-eabi/lib/thumb/v7e-m+fp/hard\libm.a(lib_a-s_scalbn.o)
                0x0000000008007978                scalbn
 *(.glue_7)
 .glue_7        0x0000000008007a84        0x0 linker stubs
 *(.glue_7t)
 .glue_7t       0x0000000008007a84        0x0 linker stubs
 *(.eh_frame)
 .eh_frame      0x0000000008007a84        0x0 c:/st/stm32cubeide_1.11.0/stm32cubeide/plugins/com.st.stm32cube.ide.mcu.externaltools.gnu-tools-for-stm32.10.3-2021.10.win32_1.0.100.202210260954/tools/bin/../lib/gcc/arm-none-eabi/10.3.1/thumb/v7e-m+fp/hard/crtbegin.o
 *(.init)
 .init          0x0000000008007a84        0x4 c:/st/stm32cubeide_1.11.0/stm32cubeide/plugins/com.st.stm32cube.ide.mcu.externaltools.gnu-tools-for-stm32.10.3-2021.10.win32_1.0.100.202210260954/tools/bin/../lib/gcc/arm-none-eabi/10.3.1/thumb/v7e-m+fp/hard/crti.o
                0x0000000008007a84                _init
 .init          0x0000000008007a88        0x8 c:/st/stm32cubeide_1.11.0/stm32cubeide/plugins/com.st.stm32cube.ide.mcu.externaltools.gnu-tools-for-stm32.10.3-2021.10.win32_1.0.100.202210260954/tools/bin/../lib/gcc/arm-none-eabi/10.3.1/thumb/v7e-m+fp/hard/crtn.o
 *(.fini)
 .fini          0x0000000008007a90        0x4 c:/st/stm32cubeide_1.11.0/stm32cubeide/plugins/com.st.stm32cube.ide.mcu.externaltools.gnu-tools-for-stm32.10.3-2021.10.win32_1.0.100.202210260954/tools/bin/../lib/gcc/arm-none-eabi/10.3.1/thumb/v7e-m+fp/hard/crti.o
                0x0000000008007a90                _fini
 .fini          0x0000000008007a94        0x8 c:/st/stm32cubeide_1.11.0/stm32cubeide/plugins/com.st.stm32cube.ide.mcu.externaltools.gnu-tools-for-stm32.10.3-2021.10.win32_1.0.100.202210260954/tools/bin/../lib/gcc/arm-none-eabi/10.3.1/thumb/v7e-m+fp/hard/crtn.o
                0x0000000008007a9c                . = ALIGN (0x4)
                0x0000000008007a9c                _etext = .

.vfp11_veneer   0x0000000008007a9c        0x0
 .vfp11_veneer  0x0000000008007a9c        0x0 linker stubs

.v4_bx          0x0000000008007a9c        0x0
 .v4_bx         0x0000000008007a9c        0x0 linker stubs

.iplt           0x0000000008007a9c        0x0
 .iplt          0x0000000008007a9c        0x0 c:/st/stm32cubeide_1.11.0/stm32cubeide/plugins/com.st.stm32cube.ide.mcu.externaltools.gnu-tools-for-stm32.10.3-2021.10.win32_1.0.100.202210260954/tools/bin/../lib/gcc/arm-none-eabi/10.3.1/thumb/v7e-m+fp/hard/crtbegin.o

.rodata         0x0000000008007aa0      0x228
                0x0000000008007aa0                . = ALIGN (0x4)
 *(.rodata)
 *(.rodata*)
 .rodata.AHBPrescTable
                0x0000000008007aa0       0x10 Core\Src\system_stm32f4xx.o
                0x0000000008007aa0                AHBPrescTable
 .rodata.APBPrescTable
                0x0000000008007ab0        0x8 Core\Src\system_stm32f4xx.o
                0x0000000008007ab0                APBPrescTable
 .rodata.asin.str1.1
                0x0000000008007ab8        0x1 c:/st/stm32cubeide_1.11.0/stm32cubeide/plugins/com.st.stm32cube.ide.mcu.externaltools.gnu-tools-for-stm32.10.3-2021.10.win32_1.0.100.202210260954/tools/bin/../lib/gcc/arm-none-eabi/10.3.1/../../../../arm-none-eabi/lib/thumb/v7e-m+fp/hard\libm.a(lib_a-w_asin.o)
 *fill*         0x0000000008007ab9        0x7 
 .rodata.bp     0x0000000008007ac0       0x10 c:/st/stm32cubeide_1.11.0/stm32cubeide/plugins/com.st.stm32cube.ide.mcu.externaltools.gnu-tools-for-stm32.10.3-2021.10.win32_1.0.100.202210260954/tools/bin/../lib/gcc/arm-none-eabi/10.3.1/../../../../arm-none-eabi/lib/thumb/v7e-m+fp/hard\libm.a(lib_a-e_pow.o)
 .rodata.dp_h   0x0000000008007ad0       0x10 c:/st/stm32cubeide_1.11.0/stm32cubeide/plugins/com.st.stm32cube.ide.mcu.externaltools.gnu-tools-for-stm32.10.3-2021.10.win32_1.0.100.202210260954/tools/bin/../lib/gcc/arm-none-eabi/10.3.1/../../../../arm-none-eabi/lib/thumb/v7e-m+fp/hard\libm.a(lib_a-e_pow.o)
 .rodata.dp_l   0x0000000008007ae0       0x10 c:/st/stm32cubeide_1.11.0/stm32cubeide/plugins/com.st.stm32cube.ide.mcu.externaltools.gnu-tools-for-stm32.10.3-2021.10.win32_1.0.100.202210260954/tools/bin/../lib/gcc/arm-none-eabi/10.3.1/../../../../arm-none-eabi/lib/thumb/v7e-m+fp/hard\libm.a(lib_a-e_pow.o)
 .rodata.npio2_hw
                0x0000000008007af0       0x80 c:/st/stm32cubeide_1.11.0/stm32cubeide/plugins/com.st.stm32cube.ide.mcu.externaltools.gnu-tools-for-stm32.10.3-2021.10.win32_1.0.100.202210260954/tools/bin/../lib/gcc/arm-none-eabi/10.3.1/../../../../arm-none-eabi/lib/thumb/v7e-m+fp/hard\libm.a(lib_a-e_rem_pio2.o)
 .rodata.two_over_pi
                0x0000000008007b70      0x108 c:/st/stm32cubeide_1.11.0/stm32cubeide/plugins/com.st.stm32cube.ide.mcu.externaltools.gnu-tools-for-stm32.10.3-2021.10.win32_1.0.100.202210260954/tools/bin/../lib/gcc/arm-none-eabi/10.3.1/../../../../arm-none-eabi/lib/thumb/v7e-m+fp/hard\libm.a(lib_a-e_rem_pio2.o)
 .rodata.PIo2   0x0000000008007c78       0x40 c:/st/stm32cubeide_1.11.0/stm32cubeide/plugins/com.st.stm32cube.ide.mcu.externaltools.gnu-tools-for-stm32.10.3-2021.10.win32_1.0.100.202210260954/tools/bin/../lib/gcc/arm-none-eabi/10.3.1/../../../../arm-none-eabi/lib/thumb/v7e-m+fp/hard\libm.a(lib_a-k_rem_pio2.o)
 .rodata.init_jk
                0x0000000008007cb8       0x10 c:/st/stm32cubeide_1.11.0/stm32cubeide/plugins/com.st.stm32cube.ide.mcu.externaltools.gnu-tools-for-stm32.10.3-2021.10.win32_1.0.100.202210260954/tools/bin/../lib/gcc/arm-none-eabi/10.3.1/../../../../arm-none-eabi/lib/thumb/v7e-m+fp/hard\libm.a(lib_a-k_rem_pio2.o)
                0x0000000008007cc8                . = ALIGN (0x4)

.ARM.extab      0x0000000008007cc8        0x0
                0x0000000008007cc8                . = ALIGN (0x4)
 *(.ARM.extab* .gnu.linkonce.armextab.*)
                0x0000000008007cc8                . = ALIGN (0x4)

.ARM            0x0000000008007cc8        0x8
                0x0000000008007cc8                . = ALIGN (0x4)
                0x0000000008007cc8                __exidx_start = .
 *(.ARM.exidx*)
 .ARM.exidx     0x0000000008007cc8        0x8 c:/st/stm32cubeide_1.11.0/stm32cubeide/plugins/com.st.stm32cube.ide.mcu.externaltools.gnu-tools-for-stm32.10.3-2021.10.win32_1.0.100.202210260954/tools/bin/../lib/gcc/arm-none-eabi/10.3.1/thumb/v7e-m+fp/hard\libgcc.a(_udivmoddi4.o)
                0x0000000008007cd0                __exidx_end = .
                0x0000000008007cd0                . = ALIGN (0x4)

.rel.dyn        0x0000000008007cd0        0x0
 .rel.iplt      0x0000000008007cd0        0x0 c:/st/stm32cubeide_1.11.0/stm32cubeide/plugins/com.st.stm32cube.ide.mcu.externaltools.gnu-tools-for-stm32.10.3-2021.10.win32_1.0.100.202210260954/tools/bin/../lib/gcc/arm-none-eabi/10.3.1/thumb/v7e-m+fp/hard/crtbegin.o

.preinit_array  0x0000000008007cd0        0x0
                0x0000000008007cd0                . = ALIGN (0x4)
                0x0000000008007cd0                PROVIDE (__preinit_array_start = .)
 *(.preinit_array*)
                0x0000000008007cd0                PROVIDE (__preinit_array_end = .)
                0x0000000008007cd0                . = ALIGN (0x4)

.init_array     0x0000000008007cd0        0x4
                0x0000000008007cd0                . = ALIGN (0x4)
                0x0000000008007cd0                PROVIDE (__init_array_start = .)
 *(SORT_BY_NAME(.init_array.*))
 *(.init_array*)
 .init_array    0x0000000008007cd0        0x4 c:/st/stm32cubeide_1.11.0/stm32cubeide/plugins/com.st.stm32cube.ide.mcu.externaltools.gnu-tools-for-stm32.10.3-2021.10.win32_1.0.100.202210260954/tools/bin/../lib/gcc/arm-none-eabi/10.3.1/thumb/v7e-m+fp/hard/crtbegin.o
                0x0000000008007cd4                PROVIDE (__init_array_end = .)
                0x0000000008007cd4                . = ALIGN (0x4)

.fini_array     0x0000000008007cd4        0x4
                0x0000000008007cd4                . = ALIGN (0x4)
                [!provide]                        PROVIDE (__fini_array_start = .)
 *(SORT_BY_NAME(.fini_array.*))
 *(.fini_array*)
 .fini_array    0x0000000008007cd4        0x4 c:/st/stm32cubeide_1.11.0/stm32cubeide/plugins/com.st.stm32cube.ide.mcu.externaltools.gnu-tools-for-stm32.10.3-2021.10.win32_1.0.100.202210260954/tools/bin/../lib/gcc/arm-none-eabi/10.3.1/thumb/v7e-m+fp/hard/crtbegin.o
                [!provide]                        PROVIDE (__fini_array_end = .)
                0x0000000008007cd8                . = ALIGN (0x4)
                0x0000000008007cd8                _sidata = LOADADDR (.data)

.data           0x0000000020000000       0x70 load address 0x0000000008007cd8
                0x0000000020000000                . = ALIGN (0x4)
                0x0000000020000000                _sdata = .
 *(.data)
 *(.data*)
 .data.SystemCoreClock
                0x0000000020000000        0x4 Core\Src\system_stm32f4xx.o
                0x0000000020000000                SystemCoreClock
 .data.uwTickPrio
                0x0000000020000004        0x4 Drivers\STM32F4xx_HAL_Driver\Src\stm32f4xx_hal.o
                0x0000000020000004                uwTickPrio
 .data.uwTickFreq
                0x0000000020000008        0x1 Drivers\STM32F4xx_HAL_Driver\Src\stm32f4xx_hal.o
                0x0000000020000008                uwTickFreq
 *fill*         0x0000000020000009        0x3 
 .data._impure_ptr
                0x000000002000000c        0x4 c:/st/stm32cubeide_1.11.0/stm32cubeide/plugins/com.st.stm32cube.ide.mcu.externaltools.gnu-tools-for-stm32.10.3-2021.10.win32_1.0.100.202210260954/tools/bin/../lib/gcc/arm-none-eabi/10.3.1/../../../../arm-none-eabi/lib/thumb/v7e-m+fp/hard\libc_nano.a(lib_a-impure.o)
                0x000000002000000c                _impure_ptr
 .data.impure_data
                0x0000000020000010       0x60 c:/st/stm32cubeide_1.11.0/stm32cubeide/plugins/com.st.stm32cube.ide.mcu.externaltools.gnu-tools-for-stm32.10.3-2021.10.win32_1.0.100.202210260954/tools/bin/../lib/gcc/arm-none-eabi/10.3.1/../../../../arm-none-eabi/lib/thumb/v7e-m+fp/hard\libc_nano.a(lib_a-impure.o)
 *(.RamFunc)
 *(.RamFunc*)
                0x0000000020000070                . = ALIGN (0x4)
                0x0000000020000070                _edata = .
                0x0000000008007d48                _siccmram = LOADADDR (.ccmram)

.igot.plt       0x0000000020000070        0x0 load address 0x0000000008007d48
 .igot.plt      0x0000000020000070        0x0 c:/st/stm32cubeide_1.11.0/stm32cubeide/plugins/com.st.stm32cube.ide.mcu.externaltools.gnu-tools-for-stm32.10.3-2021.10.win32_1.0.100.202210260954/tools/bin/../lib/gcc/arm-none-eabi/10.3.1/thumb/v7e-m+fp/hard/crtbegin.o

.ccmram         0x0000000010000000        0x0 load address 0x0000000008007d48
                0x0000000010000000                . = ALIGN (0x4)
                0x0000000010000000                _sccmram = .
 *(.ccmram)
 *(.ccmram*)
                0x0000000010000000                . = ALIGN (0x4)
                0x0000000010000000                _eccmram = .
                0x0000000010000000                . = ALIGN (0x4)

.bss            0x0000000020000070      0x1cc
                0x0000000020000070                _sbss = .
                0x0000000020000070                __bss_start__ = _sbss
 *(.bss)
 .bss           0x0000000020000070       0x1c c:/st/stm32cubeide_1.11.0/stm32cubeide/plugins/com.st.stm32cube.ide.mcu.externaltools.gnu-tools-for-stm32.10.3-2021.10.win32_1.0.100.202210260954/tools/bin/../lib/gcc/arm-none-eabi/10.3.1/thumb/v7e-m+fp/hard/crtbegin.o
 *(.bss*)
 .bss.tRaw      0x000000002000008c        0x4 BME280ABEY\BME280_STM32.o
                0x000000002000008c                tRaw
 .bss.pRaw      0x0000000020000090        0x4 BME280ABEY\BME280_STM32.o
                0x0000000020000090                pRaw
 .bss.hRaw      0x0000000020000094        0x4 BME280ABEY\BME280_STM32.o
                0x0000000020000094                hRaw
 .bss.dig_T1    0x0000000020000098        0x2 BME280ABEY\BME280_STM32.o
                0x0000000020000098                dig_T1
 .bss.dig_P1    0x000000002000009a        0x2 BME280ABEY\BME280_STM32.o
                0x000000002000009a                dig_P1
 .bss.dig_H1    0x000000002000009c        0x2 BME280ABEY\BME280_STM32.o
                0x000000002000009c                dig_H1
 .bss.dig_H3    0x000000002000009e        0x2 BME280ABEY\BME280_STM32.o
                0x000000002000009e                dig_H3
 .bss.dig_T2    0x00000000200000a0        0x2 BME280ABEY\BME280_STM32.o
                0x00000000200000a0                dig_T2
 .bss.dig_T3    0x00000000200000a2        0x2 BME280ABEY\BME280_STM32.o
                0x00000000200000a2                dig_T3
 .bss.dig_P2    0x00000000200000a4        0x2 BME280ABEY\BME280_STM32.o
                0x00000000200000a4                dig_P2
 .bss.dig_P3    0x00000000200000a6        0x2 BME280ABEY\BME280_STM32.o
                0x00000000200000a6                dig_P3
 .bss.dig_P4    0x00000000200000a8        0x2 BME280ABEY\BME280_STM32.o
                0x00000000200000a8                dig_P4
 .bss.dig_P5    0x00000000200000aa        0x2 BME280ABEY\BME280_STM32.o
                0x00000000200000aa                dig_P5
 .bss.dig_P6    0x00000000200000ac        0x2 BME280ABEY\BME280_STM32.o
                0x00000000200000ac                dig_P6
 .bss.dig_P7    0x00000000200000ae        0x2 BME280ABEY\BME280_STM32.o
                0x00000000200000ae                dig_P7
 .bss.dig_P8    0x00000000200000b0        0x2 BME280ABEY\BME280_STM32.o
                0x00000000200000b0                dig_P8
 .bss.dig_P9    0x00000000200000b2        0x2 BME280ABEY\BME280_STM32.o
                0x00000000200000b2                dig_P9
 .bss.dig_H2    0x00000000200000b4        0x2 BME280ABEY\BME280_STM32.o
                0x00000000200000b4                dig_H2
 .bss.dig_H4    0x00000000200000b6        0x2 BME280ABEY\BME280_STM32.o
                0x00000000200000b6                dig_H4
 .bss.dig_H5    0x00000000200000b8        0x2 BME280ABEY\BME280_STM32.o
                0x00000000200000b8                dig_H5
 .bss.dig_H6    0x00000000200000ba        0x2 BME280ABEY\BME280_STM32.o
                0x00000000200000ba                dig_H6
 .bss.t_fine    0x00000000200000bc        0x4 BME280ABEY\BME280_STM32.o
                0x00000000200000bc                t_fine
 .bss.hi2c1     0x00000000200000c0       0x54 Core\Src\main.o
                0x00000000200000c0                hi2c1
 .bss.hi2c2     0x0000000020000114       0x54 Core\Src\main.o
                0x0000000020000114                hi2c2
 .bss.huart2    0x0000000020000168       0x44 Core\Src\main.o
                0x0000000020000168                huart2
 .bss.data      0x00000000200001ac        0x1 Core\Src\main.o
                0x00000000200001ac                data
 *fill*         0x00000000200001ad        0x3 
 .bss.buffer    0x00000000200001b0        0x2 Core\Src\main.o
                0x00000000200001b0                buffer
 *fill*         0x00000000200001b2        0x2 
 .bss.tuffer    0x00000000200001b4        0x6 Core\Src\main.o
                0x00000000200001b4                tuffer
 *fill*         0x00000000200001ba        0x2 
 .bss.cuffer    0x00000000200001bc        0x6 Core\Src\main.o
                0x00000000200001bc                cuffer
 *fill*         0x00000000200001c2        0x2 
 .bss.gyro_raw  0x00000000200001c4        0x6 Core\Src\main.o
                0x00000000200001c4                gyro_raw
 *fill*         0x00000000200001ca        0x2 
 .bss.acc_raw   0x00000000200001cc        0x6 Core\Src\main.o
                0x00000000200001cc                acc_raw
 *fill*         0x00000000200001d2        0x2 
 .bss.gyro_cal  0x00000000200001d4        0xc Core\Src\main.o
                0x00000000200001d4                gyro_cal
 .bss.acc_total_vector
                0x00000000200001e0        0x2 Core\Src\main.o
                0x00000000200001e0                acc_total_vector
 *fill*         0x00000000200001e2        0x2 
 .bss.angle_pitch_gyro
                0x00000000200001e4        0x4 Core\Src\main.o
                0x00000000200001e4                angle_pitch_gyro
 .bss.angle_roll_gyro
                0x00000000200001e8        0x4 Core\Src\main.o
                0x00000000200001e8                angle_roll_gyro
 .bss.angle_pitch_acc
                0x00000000200001ec        0x4 Core\Src\main.o
                0x00000000200001ec                angle_pitch_acc
 .bss.angle_roll_acc
                0x00000000200001f0        0x4 Core\Src\main.o
                0x00000000200001f0                angle_roll_acc
 .bss.angle_pitch
                0x00000000200001f4        0x4 Core\Src\main.o
                0x00000000200001f4                angle_pitch
 .bss.angle_roll
                0x00000000200001f8        0x4 Core\Src\main.o
                0x00000000200001f8                angle_roll
 .bss.raw_temp  0x00000000200001fc        0x2 Core\Src\main.o
                0x00000000200001fc                raw_temp
 *fill*         0x00000000200001fe        0x2 
 .bss.temp      0x0000000020000200        0x4 Core\Src\main.o
                0x0000000020000200                temp
 .bss.i         0x0000000020000204        0x4 Core\Src\main.o
                0x0000000020000204                i
 .bss.prevtime  0x0000000020000208        0x4 Core\Src\main.o
                0x0000000020000208                prevtime
 .bss.prevtime1
                0x000000002000020c        0x4 Core\Src\main.o
                0x000000002000020c                prevtime1
 .bss.time1     0x0000000020000210        0x4 Core\Src\main.o
                0x0000000020000210                time1
 .bss.elapsedtime1
                0x0000000020000214        0x4 Core\Src\main.o
                0x0000000020000214                elapsedtime1
 .bss.prevtime2
                0x0000000020000218        0x4 Core\Src\main.o
                0x0000000020000218                prevtime2
 .bss.time2     0x000000002000021c        0x4 Core\Src\main.o
                0x000000002000021c                time2
 .bss.elapsedtime2
                0x0000000020000220        0x4 Core\Src\main.o
                0x0000000020000220                elapsedtime2
 .bss.set_gyro  0x0000000020000224        0x1 Core\Src\main.o
                0x0000000020000224                set_gyro
 *fill*         0x0000000020000225        0x3 
 .bss.Temperature
                0x0000000020000228        0x4 Core\Src\main.o
                0x0000000020000228                Temperature
 .bss.Pressure  0x000000002000022c        0x4 Core\Src\main.o
                0x000000002000022c                Pressure
 .bss.Humidity  0x0000000020000230        0x4 Core\Src\main.o
                0x0000000020000230                Humidity
 .bss.Altitude  0x0000000020000234        0x4 Core\Src\main.o
                0x0000000020000234                Altitude
 .bss.uwTick    0x0000000020000238        0x4 Drivers\STM32F4xx_HAL_Driver\Src\stm32f4xx_hal.o
                0x0000000020000238                uwTick
 *(COMMON)
                0x000000002000023c                . = ALIGN (0x4)
                0x000000002000023c                _ebss = .
                0x000000002000023c                __bss_end__ = _ebss

._user_heap_stack
                0x000000002000023c      0x604
                0x0000000020000240                . = ALIGN (0x8)
 *fill*         0x000000002000023c        0x4 
                [!provide]                        PROVIDE (end = .)
                0x0000000020000240                PROVIDE (_end = .)
                0x0000000020000440                . = (. + _Min_Heap_Size)
 *fill*         0x0000000020000240      0x200 
                0x0000000020000840                . = (. + _Min_Stack_Size)
 *fill*         0x0000000020000440      0x400 
                0x0000000020000840                . = ALIGN (0x8)

/DISCARD/
 libc.a(*)
 libm.a(*)
 libgcc.a(*)

.ARM.attributes
                0x0000000000000000       0x30
 *(.ARM.attributes)
 .ARM.attributes
                0x0000000000000000       0x1e c:/st/stm32cubeide_1.11.0/stm32cubeide/plugins/com.st.stm32cube.ide.mcu.externaltools.gnu-tools-for-stm32.10.3-2021.10.win32_1.0.100.202210260954/tools/bin/../lib/gcc/arm-none-eabi/10.3.1/thumb/v7e-m+fp/hard/crti.o
 .ARM.attributes
                0x000000000000001e       0x34 c:/st/stm32cubeide_1.11.0/stm32cubeide/plugins/com.st.stm32cube.ide.mcu.externaltools.gnu-tools-for-stm32.10.3-2021.10.win32_1.0.100.202210260954/tools/bin/../lib/gcc/arm-none-eabi/10.3.1/thumb/v7e-m+fp/hard/crtbegin.o
 .ARM.attributes
                0x0000000000000052       0x34 BME280ABEY\BME280_STM32.o
 .ARM.attributes
                0x0000000000000086       0x34 Core\Src\main.o
 .ARM.attributes
                0x00000000000000ba       0x34 Core\Src\stm32f4xx_hal_msp.o
 .ARM.attributes
                0x00000000000000ee       0x34 Core\Src\stm32f4xx_it.o
 .ARM.attributes
                0x0000000000000122       0x34 Core\Src\system_stm32f4xx.o
 .ARM.attributes
                0x0000000000000156       0x21 Core\Startup\startup_stm32f407vgtx.o
 .ARM.attributes
                0x0000000000000177       0x34 Drivers\STM32F4xx_HAL_Driver\Src\stm32f4xx_hal.o
 .ARM.attributes
                0x00000000000001ab       0x34 Drivers\STM32F4xx_HAL_Driver\Src\stm32f4xx_hal_cortex.o
 .ARM.attributes
                0x00000000000001df       0x34 Drivers\STM32F4xx_HAL_Driver\Src\stm32f4xx_hal_gpio.o
 .ARM.attributes
                0x0000000000000213       0x34 Drivers\STM32F4xx_HAL_Driver\Src\stm32f4xx_hal_i2c.o
 .ARM.attributes
                0x0000000000000247       0x34 Drivers\STM32F4xx_HAL_Driver\Src\stm32f4xx_hal_rcc.o
 .ARM.attributes
                0x000000000000027b       0x34 Drivers\STM32F4xx_HAL_Driver\Src\stm32f4xx_hal_uart.o
 .ARM.attributes
                0x00000000000002af       0x34 c:/st/stm32cubeide_1.11.0/stm32cubeide/plugins/com.st.stm32cube.ide.mcu.externaltools.gnu-tools-for-stm32.10.3-2021.10.win32_1.0.100.202210260954/tools/bin/../lib/gcc/arm-none-eabi/10.3.1/../../../../arm-none-eabi/lib/thumb/v7e-m+fp/hard\libc_nano.a(lib_a-errno.o)
 .ARM.attributes
                0x00000000000002e3       0x34 c:/st/stm32cubeide_1.11.0/stm32cubeide/plugins/com.st.stm32cube.ide.mcu.externaltools.gnu-tools-for-stm32.10.3-2021.10.win32_1.0.100.202210260954/tools/bin/../lib/gcc/arm-none-eabi/10.3.1/../../../../arm-none-eabi/lib/thumb/v7e-m+fp/hard\libc_nano.a(lib_a-impure.o)
 .ARM.attributes
                0x0000000000000317       0x34 c:/st/stm32cubeide_1.11.0/stm32cubeide/plugins/com.st.stm32cube.ide.mcu.externaltools.gnu-tools-for-stm32.10.3-2021.10.win32_1.0.100.202210260954/tools/bin/../lib/gcc/arm-none-eabi/10.3.1/../../../../arm-none-eabi/lib/thumb/v7e-m+fp/hard\libc_nano.a(lib_a-init.o)
 .ARM.attributes
                0x000000000000034b       0x34 c:/st/stm32cubeide_1.11.0/stm32cubeide/plugins/com.st.stm32cube.ide.mcu.externaltools.gnu-tools-for-stm32.10.3-2021.10.win32_1.0.100.202210260954/tools/bin/../lib/gcc/arm-none-eabi/10.3.1/../../../../arm-none-eabi/lib/thumb/v7e-m+fp/hard\libc_nano.a(lib_a-memset.o)
 .ARM.attributes
                0x000000000000037f       0x34 c:/st/stm32cubeide_1.11.0/stm32cubeide/plugins/com.st.stm32cube.ide.mcu.externaltools.gnu-tools-for-stm32.10.3-2021.10.win32_1.0.100.202210260954/tools/bin/../lib/gcc/arm-none-eabi/10.3.1/../../../../arm-none-eabi/lib/thumb/v7e-m+fp/hard\libm.a(lib_a-s_sin.o)
 .ARM.attributes
                0x00000000000003b3       0x34 c:/st/stm32cubeide_1.11.0/stm32cubeide/plugins/com.st.stm32cube.ide.mcu.externaltools.gnu-tools-for-stm32.10.3-2021.10.win32_1.0.100.202210260954/tools/bin/../lib/gcc/arm-none-eabi/10.3.1/../../../../arm-none-eabi/lib/thumb/v7e-m+fp/hard\libm.a(lib_a-w_asin.o)
 .ARM.attributes
                0x00000000000003e7       0x34 c:/st/stm32cubeide_1.11.0/stm32cubeide/plugins/com.st.stm32cube.ide.mcu.externaltools.gnu-tools-for-stm32.10.3-2021.10.win32_1.0.100.202210260954/tools/bin/../lib/gcc/arm-none-eabi/10.3.1/../../../../arm-none-eabi/lib/thumb/v7e-m+fp/hard\libm.a(lib_a-w_pow.o)
 .ARM.attributes
                0x000000000000041b       0x34 c:/st/stm32cubeide_1.11.0/stm32cubeide/plugins/com.st.stm32cube.ide.mcu.externaltools.gnu-tools-for-stm32.10.3-2021.10.win32_1.0.100.202210260954/tools/bin/../lib/gcc/arm-none-eabi/10.3.1/../../../../arm-none-eabi/lib/thumb/v7e-m+fp/hard\libm.a(lib_a-w_sqrt.o)
 .ARM.attributes
                0x000000000000044f       0x34 c:/st/stm32cubeide_1.11.0/stm32cubeide/plugins/com.st.stm32cube.ide.mcu.externaltools.gnu-tools-for-stm32.10.3-2021.10.win32_1.0.100.202210260954/tools/bin/../lib/gcc/arm-none-eabi/10.3.1/../../../../arm-none-eabi/lib/thumb/v7e-m+fp/hard\libm.a(lib_a-e_asin.o)
 .ARM.attributes
                0x0000000000000483       0x34 c:/st/stm32cubeide_1.11.0/stm32cubeide/plugins/com.st.stm32cube.ide.mcu.externaltools.gnu-tools-for-stm32.10.3-2021.10.win32_1.0.100.202210260954/tools/bin/../lib/gcc/arm-none-eabi/10.3.1/../../../../arm-none-eabi/lib/thumb/v7e-m+fp/hard\libm.a(lib_a-e_pow.o)
 .ARM.attributes
                0x00000000000004b7       0x34 c:/st/stm32cubeide_1.11.0/stm32cubeide/plugins/com.st.stm32cube.ide.mcu.externaltools.gnu-tools-for-stm32.10.3-2021.10.win32_1.0.100.202210260954/tools/bin/../lib/gcc/arm-none-eabi/10.3.1/../../../../arm-none-eabi/lib/thumb/v7e-m+fp/hard\libm.a(lib_a-e_rem_pio2.o)
 .ARM.attributes
                0x00000000000004eb       0x34 c:/st/stm32cubeide_1.11.0/stm32cubeide/plugins/com.st.stm32cube.ide.mcu.externaltools.gnu-tools-for-stm32.10.3-2021.10.win32_1.0.100.202210260954/tools/bin/../lib/gcc/arm-none-eabi/10.3.1/../../../../arm-none-eabi/lib/thumb/v7e-m+fp/hard\libm.a(lib_a-e_sqrt.o)
 .ARM.attributes
                0x000000000000051f       0x34 c:/st/stm32cubeide_1.11.0/stm32cubeide/plugins/com.st.stm32cube.ide.mcu.externaltools.gnu-tools-for-stm32.10.3-2021.10.win32_1.0.100.202210260954/tools/bin/../lib/gcc/arm-none-eabi/10.3.1/../../../../arm-none-eabi/lib/thumb/v7e-m+fp/hard\libm.a(lib_a-k_cos.o)
 .ARM.attributes
                0x0000000000000553       0x34 c:/st/stm32cubeide_1.11.0/stm32cubeide/plugins/com.st.stm32cube.ide.mcu.externaltools.gnu-tools-for-stm32.10.3-2021.10.win32_1.0.100.202210260954/tools/bin/../lib/gcc/arm-none-eabi/10.3.1/../../../../arm-none-eabi/lib/thumb/v7e-m+fp/hard\libm.a(lib_a-k_rem_pio2.o)
 .ARM.attributes
                0x0000000000000587       0x34 c:/st/stm32cubeide_1.11.0/stm32cubeide/plugins/com.st.stm32cube.ide.mcu.externaltools.gnu-tools-for-stm32.10.3-2021.10.win32_1.0.100.202210260954/tools/bin/../lib/gcc/arm-none-eabi/10.3.1/../../../../arm-none-eabi/lib/thumb/v7e-m+fp/hard\libm.a(lib_a-k_sin.o)
 .ARM.attributes
                0x00000000000005bb       0x34 c:/st/stm32cubeide_1.11.0/stm32cubeide/plugins/com.st.stm32cube.ide.mcu.externaltools.gnu-tools-for-stm32.10.3-2021.10.win32_1.0.100.202210260954/tools/bin/../lib/gcc/arm-none-eabi/10.3.1/../../../../arm-none-eabi/lib/thumb/v7e-m+fp/hard\libm.a(lib_a-math_err.o)
 .ARM.attributes
                0x00000000000005ef       0x34 c:/st/stm32cubeide_1.11.0/stm32cubeide/plugins/com.st.stm32cube.ide.mcu.externaltools.gnu-tools-for-stm32.10.3-2021.10.win32_1.0.100.202210260954/tools/bin/../lib/gcc/arm-none-eabi/10.3.1/../../../../arm-none-eabi/lib/thumb/v7e-m+fp/hard\libm.a(lib_a-s_fabs.o)
 .ARM.attributes
                0x0000000000000623       0x34 c:/st/stm32cubeide_1.11.0/stm32cubeide/plugins/com.st.stm32cube.ide.mcu.externaltools.gnu-tools-for-stm32.10.3-2021.10.win32_1.0.100.202210260954/tools/bin/../lib/gcc/arm-none-eabi/10.3.1/../../../../arm-none-eabi/lib/thumb/v7e-m+fp/hard\libm.a(lib_a-s_finite.o)
 .ARM.attributes
                0x0000000000000657       0x34 c:/st/stm32cubeide_1.11.0/stm32cubeide/plugins/com.st.stm32cube.ide.mcu.externaltools.gnu-tools-for-stm32.10.3-2021.10.win32_1.0.100.202210260954/tools/bin/../lib/gcc/arm-none-eabi/10.3.1/../../../../arm-none-eabi/lib/thumb/v7e-m+fp/hard\libm.a(lib_a-s_floor.o)
 .ARM.attributes
                0x000000000000068b       0x34 c:/st/stm32cubeide_1.11.0/stm32cubeide/plugins/com.st.stm32cube.ide.mcu.externaltools.gnu-tools-for-stm32.10.3-2021.10.win32_1.0.100.202210260954/tools/bin/../lib/gcc/arm-none-eabi/10.3.1/../../../../arm-none-eabi/lib/thumb/v7e-m+fp/hard\libm.a(lib_a-s_nan.o)
 .ARM.attributes
                0x00000000000006bf       0x34 c:/st/stm32cubeide_1.11.0/stm32cubeide/plugins/com.st.stm32cube.ide.mcu.externaltools.gnu-tools-for-stm32.10.3-2021.10.win32_1.0.100.202210260954/tools/bin/../lib/gcc/arm-none-eabi/10.3.1/../../../../arm-none-eabi/lib/thumb/v7e-m+fp/hard\libm.a(lib_a-s_scalbn.o)
 .ARM.attributes
                0x00000000000006f3       0x1e c:/st/stm32cubeide_1.11.0/stm32cubeide/plugins/com.st.stm32cube.ide.mcu.externaltools.gnu-tools-for-stm32.10.3-2021.10.win32_1.0.100.202210260954/tools/bin/../lib/gcc/arm-none-eabi/10.3.1/thumb/v7e-m+fp/hard\libgcc.a(_arm_addsubdf3.o)
 .ARM.attributes
                0x0000000000000711       0x1e c:/st/stm32cubeide_1.11.0/stm32cubeide/plugins/com.st.stm32cube.ide.mcu.externaltools.gnu-tools-for-stm32.10.3-2021.10.win32_1.0.100.202210260954/tools/bin/../lib/gcc/arm-none-eabi/10.3.1/thumb/v7e-m+fp/hard\libgcc.a(_arm_muldivdf3.o)
 .ARM.attributes
                0x000000000000072f       0x1e c:/st/stm32cubeide_1.11.0/stm32cubeide/plugins/com.st.stm32cube.ide.mcu.externaltools.gnu-tools-for-stm32.10.3-2021.10.win32_1.0.100.202210260954/tools/bin/../lib/gcc/arm-none-eabi/10.3.1/thumb/v7e-m+fp/hard\libgcc.a(_arm_cmpdf2.o)
 .ARM.attributes
                0x000000000000074d       0x1e c:/st/stm32cubeide_1.11.0/stm32cubeide/plugins/com.st.stm32cube.ide.mcu.externaltools.gnu-tools-for-stm32.10.3-2021.10.win32_1.0.100.202210260954/tools/bin/../lib/gcc/arm-none-eabi/10.3.1/thumb/v7e-m+fp/hard\libgcc.a(_arm_unorddf2.o)
 .ARM.attributes
                0x000000000000076b       0x1e c:/st/stm32cubeide_1.11.0/stm32cubeide/plugins/com.st.stm32cube.ide.mcu.externaltools.gnu-tools-for-stm32.10.3-2021.10.win32_1.0.100.202210260954/tools/bin/../lib/gcc/arm-none-eabi/10.3.1/thumb/v7e-m+fp/hard\libgcc.a(_arm_fixdfsi.o)
 .ARM.attributes
                0x0000000000000789       0x1e c:/st/stm32cubeide_1.11.0/stm32cubeide/plugins/com.st.stm32cube.ide.mcu.externaltools.gnu-tools-for-stm32.10.3-2021.10.win32_1.0.100.202210260954/tools/bin/../lib/gcc/arm-none-eabi/10.3.1/thumb/v7e-m+fp/hard\libgcc.a(_arm_truncdfsf2.o)
 .ARM.attributes
                0x00000000000007a7       0x1e c:/st/stm32cubeide_1.11.0/stm32cubeide/plugins/com.st.stm32cube.ide.mcu.externaltools.gnu-tools-for-stm32.10.3-2021.10.win32_1.0.100.202210260954/tools/bin/../lib/gcc/arm-none-eabi/10.3.1/thumb/v7e-m+fp/hard\libgcc.a(_aeabi_ldivmod.o)
 .ARM.attributes
                0x00000000000007c5       0x1e c:/st/stm32cubeide_1.11.0/stm32cubeide/plugins/com.st.stm32cube.ide.mcu.externaltools.gnu-tools-for-stm32.10.3-2021.10.win32_1.0.100.202210260954/tools/bin/../lib/gcc/arm-none-eabi/10.3.1/thumb/v7e-m+fp/hard\libgcc.a(_aeabi_uldivmod.o)
 .ARM.attributes
                0x00000000000007e3       0x34 c:/st/stm32cubeide_1.11.0/stm32cubeide/plugins/com.st.stm32cube.ide.mcu.externaltools.gnu-tools-for-stm32.10.3-2021.10.win32_1.0.100.202210260954/tools/bin/../lib/gcc/arm-none-eabi/10.3.1/thumb/v7e-m+fp/hard\libgcc.a(_udivmoddi4.o)
 .ARM.attributes
                0x0000000000000817       0x1e c:/st/stm32cubeide_1.11.0/stm32cubeide/plugins/com.st.stm32cube.ide.mcu.externaltools.gnu-tools-for-stm32.10.3-2021.10.win32_1.0.100.202210260954/tools/bin/../lib/gcc/arm-none-eabi/10.3.1/thumb/v7e-m+fp/hard\libgcc.a(_dvmd_tls.o)
 .ARM.attributes
                0x0000000000000835       0x1e c:/st/stm32cubeide_1.11.0/stm32cubeide/plugins/com.st.stm32cube.ide.mcu.externaltools.gnu-tools-for-stm32.10.3-2021.10.win32_1.0.100.202210260954/tools/bin/../lib/gcc/arm-none-eabi/10.3.1/thumb/v7e-m+fp/hard/crtn.o
OUTPUT(006_MPU_BME.elf elf32-littlearm)
LOAD linker stubs
LOAD c:/st/stm32cubeide_1.11.0/stm32cubeide/plugins/com.st.stm32cube.ide.mcu.externaltools.gnu-tools-for-stm32.10.3-2021.10.win32_1.0.100.202210260954/tools/bin/../lib/gcc/arm-none-eabi/10.3.1/../../../../arm-none-eabi/lib/thumb/v7e-m+fp/hard\libc.a
LOAD c:/st/stm32cubeide_1.11.0/stm32cubeide/plugins/com.st.stm32cube.ide.mcu.externaltools.gnu-tools-for-stm32.10.3-2021.10.win32_1.0.100.202210260954/tools/bin/../lib/gcc/arm-none-eabi/10.3.1/../../../../arm-none-eabi/lib/thumb/v7e-m+fp/hard\libm.a
LOAD c:/st/stm32cubeide_1.11.0/stm32cubeide/plugins/com.st.stm32cube.ide.mcu.externaltools.gnu-tools-for-stm32.10.3-2021.10.win32_1.0.100.202210260954/tools/bin/../lib/gcc/arm-none-eabi/10.3.1/thumb/v7e-m+fp/hard\libgcc.a

.debug_info     0x0000000000000000     0xb1ce
 .debug_info    0x0000000000000000      0xb29 BME280ABEY\BME280_STM32.o
 .debug_info    0x0000000000000b29     0x131e Core\Src\main.o
 .debug_info    0x0000000000001e47      0xcf5 Core\Src\stm32f4xx_hal_msp.o
 .debug_info    0x0000000000002b3c      0x121 Core\Src\stm32f4xx_it.o
 .debug_info    0x0000000000002c5d      0x523 Core\Src\system_stm32f4xx.o
 .debug_info    0x0000000000003180       0x22 Core\Startup\startup_stm32f407vgtx.o
 .debug_info    0x00000000000031a2      0x97c Drivers\STM32F4xx_HAL_Driver\Src\stm32f4xx_hal.o
 .debug_info    0x0000000000003b1e      0xe1b Drivers\STM32F4xx_HAL_Driver\Src\stm32f4xx_hal_cortex.o
 .debug_info    0x0000000000004939      0x76a Drivers\STM32F4xx_HAL_Driver\Src\stm32f4xx_hal_gpio.o
 .debug_info    0x00000000000050a3     0x2609 Drivers\STM32F4xx_HAL_Driver\Src\stm32f4xx_hal_i2c.o
 .debug_info    0x00000000000076ac      0x966 Drivers\STM32F4xx_HAL_Driver\Src\stm32f4xx_hal_rcc.o
 .debug_info    0x0000000000008012     0x31bc Drivers\STM32F4xx_HAL_Driver\Src\stm32f4xx_hal_uart.o

.debug_abbrev   0x0000000000000000     0x1740
 .debug_abbrev  0x0000000000000000      0x240 BME280ABEY\BME280_STM32.o
 .debug_abbrev  0x0000000000000240      0x298 Core\Src\main.o
 .debug_abbrev  0x00000000000004d8      0x1b0 Core\Src\stm32f4xx_hal_msp.o
 .debug_abbrev  0x0000000000000688       0x74 Core\Src\stm32f4xx_it.o
 .debug_abbrev  0x00000000000006fc      0x116 Core\Src\system_stm32f4xx.o
 .debug_abbrev  0x0000000000000812       0x12 Core\Startup\startup_stm32f407vgtx.o
 .debug_abbrev  0x0000000000000824      0x20d Drivers\STM32F4xx_HAL_Driver\Src\stm32f4xx_hal.o
 .debug_abbrev  0x0000000000000a31      0x316 Drivers\STM32F4xx_HAL_Driver\Src\stm32f4xx_hal_cortex.o
 .debug_abbrev  0x0000000000000d47      0x1c4 Drivers\STM32F4xx_HAL_Driver\Src\stm32f4xx_hal_gpio.o
 .debug_abbrev  0x0000000000000f0b      0x297 Drivers\STM32F4xx_HAL_Driver\Src\stm32f4xx_hal_i2c.o
 .debug_abbrev  0x00000000000011a2      0x2aa Drivers\STM32F4xx_HAL_Driver\Src\stm32f4xx_hal_rcc.o
 .debug_abbrev  0x000000000000144c      0x2f4 Drivers\STM32F4xx_HAL_Driver\Src\stm32f4xx_hal_uart.o

.debug_aranges  0x0000000000000000      0x920
 .debug_aranges
                0x0000000000000000       0x58 BME280ABEY\BME280_STM32.o
 .debug_aranges
                0x0000000000000058       0x50 Core\Src\main.o
 .debug_aranges
                0x00000000000000a8       0x40 Core\Src\stm32f4xx_hal_msp.o
 .debug_aranges
                0x00000000000000e8       0x60 Core\Src\stm32f4xx_it.o
 .debug_aranges
                0x0000000000000148       0x28 Core\Src\system_stm32f4xx.o
 .debug_aranges
                0x0000000000000170       0x28 Core\Startup\startup_stm32f407vgtx.o
 .debug_aranges
                0x0000000000000198       0xf0 Drivers\STM32F4xx_HAL_Driver\Src\stm32f4xx_hal.o
 .debug_aranges
                0x0000000000000288      0x118 Drivers\STM32F4xx_HAL_Driver\Src\stm32f4xx_hal_cortex.o
 .debug_aranges
                0x00000000000003a0       0x58 Drivers\STM32F4xx_HAL_Driver\Src\stm32f4xx_hal_gpio.o
 .debug_aranges
                0x00000000000003f8      0x2a0 Drivers\STM32F4xx_HAL_Driver\Src\stm32f4xx_hal_i2c.o
 .debug_aranges
                0x0000000000000698       0x88 Drivers\STM32F4xx_HAL_Driver\Src\stm32f4xx_hal_rcc.o
 .debug_aranges
                0x0000000000000720      0x200 Drivers\STM32F4xx_HAL_Driver\Src\stm32f4xx_hal_uart.o

.debug_ranges   0x0000000000000000      0x8b0
 .debug_ranges  0x0000000000000000       0x48 BME280ABEY\BME280_STM32.o
 .debug_ranges  0x0000000000000048       0x40 Core\Src\main.o
 .debug_ranges  0x0000000000000088       0x30 Core\Src\stm32f4xx_hal_msp.o
 .debug_ranges  0x00000000000000b8       0x50 Core\Src\stm32f4xx_it.o
 .debug_ranges  0x0000000000000108       0x18 Core\Src\system_stm32f4xx.o
 .debug_ranges  0x0000000000000120       0x20 Core\Startup\startup_stm32f407vgtx.o
 .debug_ranges  0x0000000000000140       0xe0 Drivers\STM32F4xx_HAL_Driver\Src\stm32f4xx_hal.o
 .debug_ranges  0x0000000000000220      0x108 Drivers\STM32F4xx_HAL_Driver\Src\stm32f4xx_hal_cortex.o
 .debug_ranges  0x0000000000000328       0x48 Drivers\STM32F4xx_HAL_Driver\Src\stm32f4xx_hal_gpio.o
 .debug_ranges  0x0000000000000370      0x2a8 Drivers\STM32F4xx_HAL_Driver\Src\stm32f4xx_hal_i2c.o
 .debug_ranges  0x0000000000000618       0x78 Drivers\STM32F4xx_HAL_Driver\Src\stm32f4xx_hal_rcc.o
 .debug_ranges  0x0000000000000690      0x220 Drivers\STM32F4xx_HAL_Driver\Src\stm32f4xx_hal_uart.o

.debug_macro    0x0000000000000000    0x209d6
 .debug_macro   0x0000000000000000      0x1f5 BME280ABEY\BME280_STM32.o
 .debug_macro   0x00000000000001f5      0xa78 BME280ABEY\BME280_STM32.o
 .debug_macro   0x0000000000000c6d      0x29b BME280ABEY\BME280_STM32.o
 .debug_macro   0x0000000000000f08       0x2e BME280ABEY\BME280_STM32.o
 .debug_macro   0x0000000000000f36       0x2f BME280ABEY\BME280_STM32.o
 .debug_macro   0x0000000000000f65       0x22 BME280ABEY\BME280_STM32.o
 .debug_macro   0x0000000000000f87       0x8e BME280ABEY\BME280_STM32.o
 .debug_macro   0x0000000000001015       0x51 BME280ABEY\BME280_STM32.o
 .debug_macro   0x0000000000001066      0x103 BME280ABEY\BME280_STM32.o
 .debug_macro   0x0000000000001169       0x6a BME280ABEY\BME280_STM32.o
 .debug_macro   0x00000000000011d3      0x1df BME280ABEY\BME280_STM32.o
 .debug_macro   0x00000000000013b2       0x1c BME280ABEY\BME280_STM32.o
 .debug_macro   0x00000000000013ce       0x22 BME280ABEY\BME280_STM32.o
 .debug_macro   0x00000000000013f0       0xd9 BME280ABEY\BME280_STM32.o
 .debug_macro   0x00000000000014c9     0x102d BME280ABEY\BME280_STM32.o
 .debug_macro   0x00000000000024f6      0x11f BME280ABEY\BME280_STM32.o
 .debug_macro   0x0000000000002615    0x15e82 BME280ABEY\BME280_STM32.o
 .debug_macro   0x0000000000018497       0x6d BME280ABEY\BME280_STM32.o
 .debug_macro   0x0000000000018504     0x367e BME280ABEY\BME280_STM32.o
 .debug_macro   0x000000000001bb82      0x174 BME280ABEY\BME280_STM32.o
 .debug_macro   0x000000000001bcf6       0x5c BME280ABEY\BME280_STM32.o
 .debug_macro   0x000000000001bd52      0x96b BME280ABEY\BME280_STM32.o
 .debug_macro   0x000000000001c6bd      0x9fe BME280ABEY\BME280_STM32.o
 .debug_macro   0x000000000001d0bb      0x115 BME280ABEY\BME280_STM32.o
 .debug_macro   0x000000000001d1d0      0x13e BME280ABEY\BME280_STM32.o
 .debug_macro   0x000000000001d30e       0xa5 BME280ABEY\BME280_STM32.o
 .debug_macro   0x000000000001d3b3      0x174 BME280ABEY\BME280_STM32.o
 .debug_macro   0x000000000001d527      0x287 BME280ABEY\BME280_STM32.o
 .debug_macro   0x000000000001d7ae       0x5f BME280ABEY\BME280_STM32.o
 .debug_macro   0x000000000001d80d      0x236 BME280ABEY\BME280_STM32.o
 .debug_macro   0x000000000001da43      0x12c BME280ABEY\BME280_STM32.o
 .debug_macro   0x000000000001db6f      0x21e BME280ABEY\BME280_STM32.o
 .debug_macro   0x000000000001dd8d       0x2e BME280ABEY\BME280_STM32.o
 .debug_macro   0x000000000001ddbb      0x1b5 BME280ABEY\BME280_STM32.o
 .debug_macro   0x000000000001df70       0xd6 BME280ABEY\BME280_STM32.o
 .debug_macro   0x000000000001e046      0x11a BME280ABEY\BME280_STM32.o
 .debug_macro   0x000000000001e160       0x7e BME280ABEY\BME280_STM32.o
 .debug_macro   0x000000000001e1de       0x89 BME280ABEY\BME280_STM32.o
 .debug_macro   0x000000000001e267      0x295 BME280ABEY\BME280_STM32.o
 .debug_macro   0x000000000001e4fc      0x12d BME280ABEY\BME280_STM32.o
 .debug_macro   0x000000000001e629       0xb2 BME280ABEY\BME280_STM32.o
 .debug_macro   0x000000000001e6db      0x3e4 Core\Src\main.o
 .debug_macro   0x000000000001eabf       0xb8 Core\Src\main.o
 .debug_macro   0x000000000001eb77       0x52 Core\Src\main.o
 .debug_macro   0x000000000001ebc9       0x1e Core\Src\main.o
 .debug_macro   0x000000000001ebe7       0x3c Core\Src\main.o
 .debug_macro   0x000000000001ec23       0x34 Core\Src\main.o
 .debug_macro   0x000000000001ec57       0x16 Core\Src\main.o
 .debug_macro   0x000000000001ec6d       0x35 Core\Src\main.o
 .debug_macro   0x000000000001eca2      0x341 Core\Src\main.o
 .debug_macro   0x000000000001efe3       0x10 Core\Src\main.o
 .debug_macro   0x000000000001eff3       0x16 Core\Src\main.o
 .debug_macro   0x000000000001f009       0x43 Core\Src\main.o
 .debug_macro   0x000000000001f04c       0x34 Core\Src\main.o
 .debug_macro   0x000000000001f080       0x10 Core\Src\main.o
 .debug_macro   0x000000000001f090       0x58 Core\Src\main.o
 .debug_macro   0x000000000001f0e8       0x71 Core\Src\main.o
 .debug_macro   0x000000000001f159       0x1c Core\Src\main.o
 .debug_macro   0x000000000001f175      0x12a Core\Src\main.o
 .debug_macro   0x000000000001f29f       0x10 Core\Src\main.o
 .debug_macro   0x000000000001f2af       0x1c Core\Src\main.o
 .debug_macro   0x000000000001f2cb       0x52 Core\Src\main.o
 .debug_macro   0x000000000001f31d       0x22 Core\Src\main.o
 .debug_macro   0x000000000001f33f       0x10 Core\Src\main.o
 .debug_macro   0x000000000001f34f       0x52 Core\Src\main.o
 .debug_macro   0x000000000001f3a1       0xd5 Core\Src\main.o
 .debug_macro   0x000000000001f476       0x1c Core\Src\main.o
 .debug_macro   0x000000000001f492       0x3d Core\Src\main.o
 .debug_macro   0x000000000001f4cf       0x16 Core\Src\main.o
 .debug_macro   0x000000000001f4e5      0x145 Core\Src\main.o
 .debug_macro   0x000000000001f62a       0x16 Core\Src\main.o
 .debug_macro   0x000000000001f640       0x20 Core\Src\main.o
 .debug_macro   0x000000000001f660       0x16 Core\Src\main.o
 .debug_macro   0x000000000001f676       0x16 Core\Src\main.o
 .debug_macro   0x000000000001f68c       0x29 Core\Src\main.o
 .debug_macro   0x000000000001f6b5      0x19b Core\Src\main.o
 .debug_macro   0x000000000001f850       0x22 Core\Src\main.o
 .debug_macro   0x000000000001f872      0x1de Core\Src\stm32f4xx_hal_msp.o
 .debug_macro   0x000000000001fa50      0x1e8 Core\Src\stm32f4xx_it.o
 .debug_macro   0x000000000001fc38      0x1d4 Core\Src\system_stm32f4xx.o
 .debug_macro   0x000000000001fe0c      0x234 Drivers\STM32F4xx_HAL_Driver\Src\stm32f4xx_hal.o
 .debug_macro   0x0000000000020040      0x1d4 Drivers\STM32F4xx_HAL_Driver\Src\stm32f4xx_hal_cortex.o
 .debug_macro   0x0000000000020214      0x1da Drivers\STM32F4xx_HAL_Driver\Src\stm32f4xx_hal_gpio.o
 .debug_macro   0x00000000000203ee      0x21b Drivers\STM32F4xx_HAL_Driver\Src\stm32f4xx_hal_i2c.o
 .debug_macro   0x0000000000020609      0x1f8 Drivers\STM32F4xx_HAL_Driver\Src\stm32f4xx_hal_rcc.o
 .debug_macro   0x0000000000020801      0x1d5 Drivers\STM32F4xx_HAL_Driver\Src\stm32f4xx_hal_uart.o

.debug_line     0x0000000000000000     0xc187
 .debug_line    0x0000000000000000      0xb16 BME280ABEY\BME280_STM32.o
 .debug_line    0x0000000000000b16      0xd91 Core\Src\main.o
 .debug_line    0x00000000000018a7      0x792 Core\Src\stm32f4xx_hal_msp.o
 .debug_line    0x0000000000002039      0x786 Core\Src\stm32f4xx_it.o
 .debug_line    0x00000000000027bf      0x745 Core\Src\system_stm32f4xx.o
 .debug_line    0x0000000000002f04       0x88 Core\Startup\startup_stm32f407vgtx.o
 .debug_line    0x0000000000002f8c      0x9ab Drivers\STM32F4xx_HAL_Driver\Src\stm32f4xx_hal.o
 .debug_line    0x0000000000003937      0xc5a Drivers\STM32F4xx_HAL_Driver\Src\stm32f4xx_hal_cortex.o
 .debug_line    0x0000000000004591      0xb1f Drivers\STM32F4xx_HAL_Driver\Src\stm32f4xx_hal_gpio.o
 .debug_line    0x00000000000050b0     0x3960 Drivers\STM32F4xx_HAL_Driver\Src\stm32f4xx_hal_i2c.o
 .debug_line    0x0000000000008a10      0xd27 Drivers\STM32F4xx_HAL_Driver\Src\stm32f4xx_hal_rcc.o
 .debug_line    0x0000000000009737     0x2a50 Drivers\STM32F4xx_HAL_Driver\Src\stm32f4xx_hal_uart.o

.debug_str      0x0000000000000000    0xc5807
 .debug_str     0x0000000000000000    0xbe594 BME280ABEY\BME280_STM32.o
                                      0xbe894 (size before relaxing)
 .debug_str     0x00000000000be594     0x4df0 Core\Src\main.o
                                      0xc34bc (size before relaxing)
 .debug_str     0x00000000000c3384       0xaa Core\Src\stm32f4xx_hal_msp.o
                                      0xbe80c (size before relaxing)
 .debug_str     0x00000000000c342e       0xc9 Core\Src\stm32f4xx_it.o
                                      0xbdfe6 (size before relaxing)
 .debug_str     0x00000000000c34f7       0xdb Core\Src\system_stm32f4xx.o
                                      0xbe110 (size before relaxing)
 .debug_str     0x00000000000c35d2       0x36 Core\Startup\startup_stm32f407vgtx.o
                                         0x71 (size before relaxing)
 .debug_str     0x00000000000c3608      0xad4 Drivers\STM32F4xx_HAL_Driver\Src\stm32f4xx_hal.o
                                      0xbec94 (size before relaxing)
 .debug_str     0x00000000000c40dc      0x34a Drivers\STM32F4xx_HAL_Driver\Src\stm32f4xx_hal_cortex.o
                                      0xbe9c7 (size before relaxing)
 .debug_str     0x00000000000c4426      0x109 Drivers\STM32F4xx_HAL_Driver\Src\stm32f4xx_hal_gpio.o
                                      0xbe28b (size before relaxing)
 .debug_str     0x00000000000c452f      0xac3 Drivers\STM32F4xx_HAL_Driver\Src\stm32f4xx_hal_i2c.o
                                      0xbf0db (size before relaxing)
 .debug_str     0x00000000000c4ff2      0x213 Drivers\STM32F4xx_HAL_Driver\Src\stm32f4xx_hal_rcc.o
                                      0xbe544 (size before relaxing)
 .debug_str     0x00000000000c5205      0x602 Drivers\STM32F4xx_HAL_Driver\Src\stm32f4xx_hal_uart.o
                                      0xbeae3 (size before relaxing)

.comment        0x0000000000000000       0x50
 .comment       0x0000000000000000       0x50 BME280ABEY\BME280_STM32.o
                                         0x51 (size before relaxing)
 .comment       0x0000000000000050       0x51 Core\Src\main.o
 .comment       0x0000000000000050       0x51 Core\Src\stm32f4xx_hal_msp.o
 .comment       0x0000000000000050       0x51 Core\Src\stm32f4xx_it.o
 .comment       0x0000000000000050       0x51 Core\Src\system_stm32f4xx.o
 .comment       0x0000000000000050       0x51 Drivers\STM32F4xx_HAL_Driver\Src\stm32f4xx_hal.o
 .comment       0x0000000000000050       0x51 Drivers\STM32F4xx_HAL_Driver\Src\stm32f4xx_hal_cortex.o
 .comment       0x0000000000000050       0x51 Drivers\STM32F4xx_HAL_Driver\Src\stm32f4xx_hal_gpio.o
 .comment       0x0000000000000050       0x51 Drivers\STM32F4xx_HAL_Driver\Src\stm32f4xx_hal_i2c.o
 .comment       0x0000000000000050       0x51 Drivers\STM32F4xx_HAL_Driver\Src\stm32f4xx_hal_rcc.o
 .comment       0x0000000000000050       0x51 Drivers\STM32F4xx_HAL_Driver\Src\stm32f4xx_hal_uart.o

.debug_frame    0x0000000000000000     0x2dc0
 .debug_frame   0x0000000000000000      0x148 BME280ABEY\BME280_STM32.o
 .debug_frame   0x0000000000000148       0xec Core\Src\main.o
 .debug_frame   0x0000000000000234       0xc4 Core\Src\stm32f4xx_hal_msp.o
 .debug_frame   0x00000000000002f8      0x104 Core\Src\stm32f4xx_it.o
 .debug_frame   0x00000000000003fc       0x58 Core\Src\system_stm32f4xx.o
 .debug_frame   0x0000000000000454      0x374 Drivers\STM32F4xx_HAL_Driver\Src\stm32f4xx_hal.o
 .debug_frame   0x00000000000007c8      0x498 Drivers\STM32F4xx_HAL_Driver\Src\stm32f4xx_hal_cortex.o
 .debug_frame   0x0000000000000c60      0x14c Drivers\STM32F4xx_HAL_Driver\Src\stm32f4xx_hal_gpio.o
 .debug_frame   0x0000000000000dac      0xc5c Drivers\STM32F4xx_HAL_Driver\Src\stm32f4xx_hal_i2c.o
 .debug_frame   0x0000000000001a08      0x1f4 Drivers\STM32F4xx_HAL_Driver\Src\stm32f4xx_hal_rcc.o
 .debug_frame   0x0000000000001bfc      0x92c Drivers\STM32F4xx_HAL_Driver\Src\stm32f4xx_hal_uart.o
 .debug_frame   0x0000000000002528       0x20 c:/st/stm32cubeide_1.11.0/stm32cubeide/plugins/com.st.stm32cube.ide.mcu.externaltools.gnu-tools-for-stm32.10.3-2021.10.win32_1.0.100.202210260954/tools/bin/../lib/gcc/arm-none-eabi/10.3.1/../../../../arm-none-eabi/lib/thumb/v7e-m+fp/hard\libc_nano.a(lib_a-errno.o)
 .debug_frame   0x0000000000002548       0x2c c:/st/stm32cubeide_1.11.0/stm32cubeide/plugins/com.st.stm32cube.ide.mcu.externaltools.gnu-tools-for-stm32.10.3-2021.10.win32_1.0.100.202210260954/tools/bin/../lib/gcc/arm-none-eabi/10.3.1/../../../../arm-none-eabi/lib/thumb/v7e-m+fp/hard\libc_nano.a(lib_a-init.o)
 .debug_frame   0x0000000000002574       0x20 c:/st/stm32cubeide_1.11.0/stm32cubeide/plugins/com.st.stm32cube.ide.mcu.externaltools.gnu-tools-for-stm32.10.3-2021.10.win32_1.0.100.202210260954/tools/bin/../lib/gcc/arm-none-eabi/10.3.1/../../../../arm-none-eabi/lib/thumb/v7e-m+fp/hard\libc_nano.a(lib_a-memset.o)
 .debug_frame   0x0000000000002594       0x38 c:/st/stm32cubeide_1.11.0/stm32cubeide/plugins/com.st.stm32cube.ide.mcu.externaltools.gnu-tools-for-stm32.10.3-2021.10.win32_1.0.100.202210260954/tools/bin/../lib/gcc/arm-none-eabi/10.3.1/../../../../arm-none-eabi/lib/thumb/v7e-m+fp/hard\libm.a(lib_a-s_sin.o)
 .debug_frame   0x00000000000025cc       0x4c c:/st/stm32cubeide_1.11.0/stm32cubeide/plugins/com.st.stm32cube.ide.mcu.externaltools.gnu-tools-for-stm32.10.3-2021.10.win32_1.0.100.202210260954/tools/bin/../lib/gcc/arm-none-eabi/10.3.1/../../../../arm-none-eabi/lib/thumb/v7e-m+fp/hard\libm.a(lib_a-w_asin.o)
 .debug_frame   0x0000000000002618       0x44 c:/st/stm32cubeide_1.11.0/stm32cubeide/plugins/com.st.stm32cube.ide.mcu.externaltools.gnu-tools-for-stm32.10.3-2021.10.win32_1.0.100.202210260954/tools/bin/../lib/gcc/arm-none-eabi/10.3.1/../../../../arm-none-eabi/lib/thumb/v7e-m+fp/hard\libm.a(lib_a-w_pow.o)
 .debug_frame   0x000000000000265c       0x3c c:/st/stm32cubeide_1.11.0/stm32cubeide/plugins/com.st.stm32cube.ide.mcu.externaltools.gnu-tools-for-stm32.10.3-2021.10.win32_1.0.100.202210260954/tools/bin/../lib/gcc/arm-none-eabi/10.3.1/../../../../arm-none-eabi/lib/thumb/v7e-m+fp/hard\libm.a(lib_a-w_sqrt.o)
 .debug_frame   0x0000000000002698       0x58 c:/st/stm32cubeide_1.11.0/stm32cubeide/plugins/com.st.stm32cube.ide.mcu.externaltools.gnu-tools-for-stm32.10.3-2021.10.win32_1.0.100.202210260954/tools/bin/../lib/gcc/arm-none-eabi/10.3.1/../../../../arm-none-eabi/lib/thumb/v7e-m+fp/hard\libm.a(lib_a-e_asin.o)
 .debug_frame   0x00000000000026f0       0xc8 c:/st/stm32cubeide_1.11.0/stm32cubeide/plugins/com.st.stm32cube.ide.mcu.externaltools.gnu-tools-for-stm32.10.3-2021.10.win32_1.0.100.202210260954/tools/bin/../lib/gcc/arm-none-eabi/10.3.1/../../../../arm-none-eabi/lib/thumb/v7e-m+fp/hard\libm.a(lib_a-e_pow.o)
 .debug_frame   0x00000000000027b8       0x50 c:/st/stm32cubeide_1.11.0/stm32cubeide/plugins/com.st.stm32cube.ide.mcu.externaltools.gnu-tools-for-stm32.10.3-2021.10.win32_1.0.100.202210260954/tools/bin/../lib/gcc/arm-none-eabi/10.3.1/../../../../arm-none-eabi/lib/thumb/v7e-m+fp/hard\libm.a(lib_a-e_rem_pio2.o)
 .debug_frame   0x0000000000002808       0x30 c:/st/stm32cubeide_1.11.0/stm32cubeide/plugins/com.st.stm32cube.ide.mcu.externaltools.gnu-tools-for-stm32.10.3-2021.10.win32_1.0.100.202210260954/tools/bin/../lib/gcc/arm-none-eabi/10.3.1/../../../../arm-none-eabi/lib/thumb/v7e-m+fp/hard\libm.a(lib_a-e_sqrt.o)
 .debug_frame   0x0000000000002838       0x3c c:/st/stm32cubeide_1.11.0/stm32cubeide/plugins/com.st.stm32cube.ide.mcu.externaltools.gnu-tools-for-stm32.10.3-2021.10.win32_1.0.100.202210260954/tools/bin/../lib/gcc/arm-none-eabi/10.3.1/../../../../arm-none-eabi/lib/thumb/v7e-m+fp/hard\libm.a(lib_a-k_cos.o)
 .debug_frame   0x0000000000002874       0x54 c:/st/stm32cubeide_1.11.0/stm32cubeide/plugins/com.st.stm32cube.ide.mcu.externaltools.gnu-tools-for-stm32.10.3-2021.10.win32_1.0.100.202210260954/tools/bin/../lib/gcc/arm-none-eabi/10.3.1/../../../../arm-none-eabi/lib/thumb/v7e-m+fp/hard\libm.a(lib_a-k_rem_pio2.o)
 .debug_frame   0x00000000000028c8       0x5c c:/st/stm32cubeide_1.11.0/stm32cubeide/plugins/com.st.stm32cube.ide.mcu.externaltools.gnu-tools-for-stm32.10.3-2021.10.win32_1.0.100.202210260954/tools/bin/../lib/gcc/arm-none-eabi/10.3.1/../../../../arm-none-eabi/lib/thumb/v7e-m+fp/hard\libm.a(lib_a-k_sin.o)
 .debug_frame   0x0000000000002924      0x10c c:/st/stm32cubeide_1.11.0/stm32cubeide/plugins/com.st.stm32cube.ide.mcu.externaltools.gnu-tools-for-stm32.10.3-2021.10.win32_1.0.100.202210260954/tools/bin/../lib/gcc/arm-none-eabi/10.3.1/../../../../arm-none-eabi/lib/thumb/v7e-m+fp/hard\libm.a(lib_a-math_err.o)
 .debug_frame   0x0000000000002a30       0x20 c:/st/stm32cubeide_1.11.0/stm32cubeide/plugins/com.st.stm32cube.ide.mcu.externaltools.gnu-tools-for-stm32.10.3-2021.10.win32_1.0.100.202210260954/tools/bin/../lib/gcc/arm-none-eabi/10.3.1/../../../../arm-none-eabi/lib/thumb/v7e-m+fp/hard\libm.a(lib_a-s_fabs.o)
 .debug_frame   0x0000000000002a50       0x28 c:/st/stm32cubeide_1.11.0/stm32cubeide/plugins/com.st.stm32cube.ide.mcu.externaltools.gnu-tools-for-stm32.10.3-2021.10.win32_1.0.100.202210260954/tools/bin/../lib/gcc/arm-none-eabi/10.3.1/../../../../arm-none-eabi/lib/thumb/v7e-m+fp/hard\libm.a(lib_a-s_finite.o)
 .debug_frame   0x0000000000002a78       0x30 c:/st/stm32cubeide_1.11.0/stm32cubeide/plugins/com.st.stm32cube.ide.mcu.externaltools.gnu-tools-for-stm32.10.3-2021.10.win32_1.0.100.202210260954/tools/bin/../lib/gcc/arm-none-eabi/10.3.1/../../../../arm-none-eabi/lib/thumb/v7e-m+fp/hard\libm.a(lib_a-s_floor.o)
 .debug_frame   0x0000000000002aa8       0x20 c:/st/stm32cubeide_1.11.0/stm32cubeide/plugins/com.st.stm32cube.ide.mcu.externaltools.gnu-tools-for-stm32.10.3-2021.10.win32_1.0.100.202210260954/tools/bin/../lib/gcc/arm-none-eabi/10.3.1/../../../../arm-none-eabi/lib/thumb/v7e-m+fp/hard\libm.a(lib_a-s_nan.o)
 .debug_frame   0x0000000000002ac8       0x2c c:/st/stm32cubeide_1.11.0/stm32cubeide/plugins/com.st.stm32cube.ide.mcu.externaltools.gnu-tools-for-stm32.10.3-2021.10.win32_1.0.100.202210260954/tools/bin/../lib/gcc/arm-none-eabi/10.3.1/../../../../arm-none-eabi/lib/thumb/v7e-m+fp/hard\libm.a(lib_a-s_scalbn.o)
 .debug_frame   0x0000000000002af4       0xac c:/st/stm32cubeide_1.11.0/stm32cubeide/plugins/com.st.stm32cube.ide.mcu.externaltools.gnu-tools-for-stm32.10.3-2021.10.win32_1.0.100.202210260954/tools/bin/../lib/gcc/arm-none-eabi/10.3.1/thumb/v7e-m+fp/hard\libgcc.a(_arm_addsubdf3.o)
 .debug_frame   0x0000000000002ba0       0x50 c:/st/stm32cubeide_1.11.0/stm32cubeide/plugins/com.st.stm32cube.ide.mcu.externaltools.gnu-tools-for-stm32.10.3-2021.10.win32_1.0.100.202210260954/tools/bin/../lib/gcc/arm-none-eabi/10.3.1/thumb/v7e-m+fp/hard\libgcc.a(_arm_muldivdf3.o)
 .debug_frame   0x0000000000002bf0       0xc4 c:/st/stm32cubeide_1.11.0/stm32cubeide/plugins/com.st.stm32cube.ide.mcu.externaltools.gnu-tools-for-stm32.10.3-2021.10.win32_1.0.100.202210260954/tools/bin/../lib/gcc/arm-none-eabi/10.3.1/thumb/v7e-m+fp/hard\libgcc.a(_arm_cmpdf2.o)
 .debug_frame   0x0000000000002cb4       0x20 c:/st/stm32cubeide_1.11.0/stm32cubeide/plugins/com.st.stm32cube.ide.mcu.externaltools.gnu-tools-for-stm32.10.3-2021.10.win32_1.0.100.202210260954/tools/bin/../lib/gcc/arm-none-eabi/10.3.1/thumb/v7e-m+fp/hard\libgcc.a(_arm_unorddf2.o)
 .debug_frame   0x0000000000002cd4       0x24 c:/st/stm32cubeide_1.11.0/stm32cubeide/plugins/com.st.stm32cube.ide.mcu.externaltools.gnu-tools-for-stm32.10.3-2021.10.win32_1.0.100.202210260954/tools/bin/../lib/gcc/arm-none-eabi/10.3.1/thumb/v7e-m+fp/hard\libgcc.a(_arm_fixdfsi.o)
 .debug_frame   0x0000000000002cf8       0x24 c:/st/stm32cubeide_1.11.0/stm32cubeide/plugins/com.st.stm32cube.ide.mcu.externaltools.gnu-tools-for-stm32.10.3-2021.10.win32_1.0.100.202210260954/tools/bin/../lib/gcc/arm-none-eabi/10.3.1/thumb/v7e-m+fp/hard\libgcc.a(_arm_truncdfsf2.o)
 .debug_frame   0x0000000000002d1c       0x44 c:/st/stm32cubeide_1.11.0/stm32cubeide/plugins/com.st.stm32cube.ide.mcu.externaltools.gnu-tools-for-stm32.10.3-2021.10.win32_1.0.100.202210260954/tools/bin/../lib/gcc/arm-none-eabi/10.3.1/thumb/v7e-m+fp/hard\libgcc.a(_aeabi_ldivmod.o)
 .debug_frame   0x0000000000002d60       0x2c c:/st/stm32cubeide_1.11.0/stm32cubeide/plugins/com.st.stm32cube.ide.mcu.externaltools.gnu-tools-for-stm32.10.3-2021.10.win32_1.0.100.202210260954/tools/bin/../lib/gcc/arm-none-eabi/10.3.1/thumb/v7e-m+fp/hard\libgcc.a(_aeabi_uldivmod.o)
 .debug_frame   0x0000000000002d8c       0x34 c:/st/stm32cubeide_1.11.0/stm32cubeide/plugins/com.st.stm32cube.ide.mcu.externaltools.gnu-tools-for-stm32.10.3-2021.10.win32_1.0.100.202210260954/tools/bin/../lib/gcc/arm-none-eabi/10.3.1/thumb/v7e-m+fp/hard\libgcc.a(_udivmoddi4.o)